Component: ARM Compiler 5.06 update 6 (build 750) Tool: armlink [4d35ed]

==============================================================================

Section Cross References

    startup_stm32f103xb.o(STACK) refers (Special) to heapauxi.o(.text) for __use_two_region_memory
    startup_stm32f103xb.o(HEAP) refers (Special) to heapauxi.o(.text) for __use_two_region_memory
    startup_stm32f103xb.o(RESET) refers (Special) to heapauxi.o(.text) for __use_two_region_memory
    startup_stm32f103xb.o(RESET) refers to startup_stm32f103xb.o(STACK) for __initial_sp
    startup_stm32f103xb.o(RESET) refers to startup_stm32f103xb.o(.text) for Reset_Handler
    startup_stm32f103xb.o(RESET) refers to stm32f1xx_it.o(i.NMI_Handler) for NMI_Handler
    startup_stm32f103xb.o(RESET) refers to stm32f1xx_it.o(i.HardFault_Handler) for HardFault_Handler
    startup_stm32f103xb.o(RESET) refers to stm32f1xx_it.o(i.MemManage_Handler) for MemManage_Handler
    startup_stm32f103xb.o(RESET) refers to stm32f1xx_it.o(i.BusFault_Handler) for BusFault_Handler
    startup_stm32f103xb.o(RESET) refers to stm32f1xx_it.o(i.UsageFault_Handler) for UsageFault_Handler
    startup_stm32f103xb.o(RESET) refers to stm32f1xx_it.o(i.SVC_Handler) for SVC_Handler
    startup_stm32f103xb.o(RESET) refers to stm32f1xx_it.o(i.DebugMon_Handler) for DebugMon_Handler
    startup_stm32f103xb.o(RESET) refers to stm32f1xx_it.o(i.PendSV_Handler) for PendSV_Handler
    startup_stm32f103xb.o(RESET) refers to stm32f1xx_it.o(i.SysTick_Handler) for SysTick_Handler
    startup_stm32f103xb.o(RESET) refers to stm32f1xx_it.o(i.DMA1_Channel5_IRQHandler) for DMA1_Channel5_IRQHandler
    startup_stm32f103xb.o(RESET) refers to stm32f1xx_it.o(i.TIM2_IRQHandler) for TIM2_IRQHandler
    startup_stm32f103xb.o(RESET) refers to stm32f1xx_it.o(i.USART1_IRQHandler) for USART1_IRQHandler
    startup_stm32f103xb.o(.text) refers (Special) to heapauxi.o(.text) for __use_two_region_memory
    startup_stm32f103xb.o(.text) refers to system_stm32f1xx.o(i.SystemInit) for SystemInit
    startup_stm32f103xb.o(.text) refers to __main.o(!!!main) for __main
    startup_stm32f103xb.o(.text) refers to startup_stm32f103xb.o(HEAP) for Heap_Mem
    startup_stm32f103xb.o(.text) refers to startup_stm32f103xb.o(STACK) for Stack_Mem
    main.o(i.SystemClock_Config) refers to rt_memclr_w.o(.text) for __aeabi_memclr4
    main.o(i.SystemClock_Config) refers to stm32f1xx_hal_rcc.o(i.HAL_RCC_OscConfig) for HAL_RCC_OscConfig
    main.o(i.SystemClock_Config) refers to stm32f1xx_hal_rcc.o(i.HAL_RCC_ClockConfig) for HAL_RCC_ClockConfig
    main.o(i.main) refers to stm32f1xx_hal.o(i.HAL_Init) for HAL_Init
    main.o(i.main) refers to main.o(i.SystemClock_Config) for SystemClock_Config
    main.o(i.main) refers to gpio.o(i.MX_GPIO_Init) for MX_GPIO_Init
    main.o(i.main) refers to dma.o(i.MX_DMA_Init) for MX_DMA_Init
    main.o(i.main) refers to tim.o(i.MX_TIM2_Init) for MX_TIM2_Init
    main.o(i.main) refers to usart.o(i.MX_USART1_UART_Init) for MX_USART1_UART_Init
    main.o(i.main) refers to oled.o(i.OLED_Init) for OLED_Init
    main.o(i.main) refers to hc_sr04.o(i.HC_SR04_Init) for HC_SR04_Init
    main.o(i.main) refers to delay.o(i.Delay_Init) for Delay_Init
    main.o(i.main) refers to delay.o(i.delay_ms) for delay_ms
    main.o(i.main) refers to esp8266.o(i.ESP8266_ConnectWiFi) for ESP8266_ConnectWiFi
    main.o(i.main) refers to oled.o(i.OLED_ShowString) for OLED_ShowString
    main.o(i.main) refers to oled.o(i.OLED_Refresh) for OLED_Refresh
    main.o(i.main) refers to hc_sr04.o(i.HC_SR04_MeasureDistance) for HC_SR04_MeasureDistance
    main.o(i.main) refers to ffixu.o(x$fpl$ffixu) for __aeabi_f2uiz
    main.o(i.main) refers to fflt_clz.o(x$fpl$ffltu) for __aeabi_ui2f
    main.o(i.main) refers to faddsub_clz.o(x$fpl$frsb) for __aeabi_frsub
    main.o(i.main) refers to fmul.o(x$fpl$fmul) for __aeabi_fmul
    main.o(i.main) refers to oled.o(i.OLED_ShowNum) for OLED_ShowNum
    main.o(i.main) refers to oled.o(i.OLED_ShowChar) for OLED_ShowChar
    main.o(i.main) refers to stm32f1xx_hal.o(i.HAL_Delay) for HAL_Delay
    gpio.o(i.MX_GPIO_Init) refers to stm32f1xx_hal_gpio.o(i.HAL_GPIO_WritePin) for HAL_GPIO_WritePin
    gpio.o(i.MX_GPIO_Init) refers to stm32f1xx_hal_gpio.o(i.HAL_GPIO_Init) for HAL_GPIO_Init
    dma.o(i.MX_DMA_Init) refers to stm32f1xx_hal_cortex.o(i.HAL_NVIC_SetPriority) for HAL_NVIC_SetPriority
    dma.o(i.MX_DMA_Init) refers to stm32f1xx_hal_cortex.o(i.HAL_NVIC_EnableIRQ) for HAL_NVIC_EnableIRQ
    tim.o(i.HAL_TIM_Base_MspDeInit) refers to stm32f1xx_hal_gpio.o(i.HAL_GPIO_DeInit) for HAL_GPIO_DeInit
    tim.o(i.HAL_TIM_Base_MspDeInit) refers to stm32f1xx_hal_cortex.o(i.HAL_NVIC_DisableIRQ) for HAL_NVIC_DisableIRQ
    tim.o(i.HAL_TIM_Base_MspInit) refers to stm32f1xx_hal_gpio.o(i.HAL_GPIO_Init) for HAL_GPIO_Init
    tim.o(i.HAL_TIM_Base_MspInit) refers to stm32f1xx_hal_cortex.o(i.HAL_NVIC_SetPriority) for HAL_NVIC_SetPriority
[...]
    ..\Drivers\STM32F1xx_HAL_Driver\Src\stm32f1xx_hal_uart.c 0x00000000   Number         0  stm32f1xx_hal_uart.o ABSOLUTE
    ..\\App\\HC_SR04.c                       0x00000000   Number         0  hc_sr04.o ABSOLUTE
    ..\\App\\delay.c                         0x00000000   Number         0  delay.o ABSOLUTE
    ..\\App\\esp8266.c                       0x00000000   Number         0  esp8266.o ABSOLUTE
    ..\\App\\mqtt_publisher.c                0x00000000   Number         0  mqtt_publisher.o ABSOLUTE
    ..\\App\\oled.c                          0x00000000   Number         0  oled.o ABSOLUTE
    dc.s                                     0x00000000   Number         0  dc.o ABSOLUTE
    startup_stm32f103xb.s                    0x00000000   Number         0  startup_stm32f103xb.o ABSOLUTE
    RESET                                    0x08000000   Section      236  startup_stm32f103xb.o(RESET)
    !!!main                                  0x080000ec   Section        8  __main.o(!!!main)
    !!!scatter                               0x080000f4   Section       52  __scatter.o(!!!scatter)
    !!handler_copy                           0x08000128   Section       26  __scatter_copy.o(!!handler_copy)
    !!handler_zi                             0x08000144   Section       28  __scatter_zi.o(!!handler_zi)
    .ARM.Collect$$_printf_percent$$00000000  0x08000160   Section        0  _printf_percent.o(.ARM.Collect$$_printf_percent$$00000000)
    .ARM.Collect$$_printf_percent$$00000014  0x08000160   Section        6  _printf_s.o(.ARM.Collect$$_printf_percent$$00000014)
    .ARM.Collect$$_printf_percent$$00000017  0x08000166   Section        4  _printf_percent_end.o(.ARM.Collect$$_printf_percent$$00000017)
    .ARM.Collect$$libinit$$00000000          0x0800016a   Section        2  libinit.o(.ARM.Collect$$libinit$$00000000)
    .ARM.Collect$$libinit$$00000002          0x0800016c   Section        0  libinit2.o(.ARM.Collect$$libinit$$00000002)
    .ARM.Collect$$libinit$$00000004          0x0800016c   Section        0  libinit2.o(.ARM.Collect$$libinit$$00000004)
    .ARM.Collect$$libinit$$0000000A          0x0800016c   Section        0  libinit2.o(.ARM.Collect$$libinit$$0000000A)
    .ARM.Collect$$libinit$$0000000C          0x0800016c   Section        0  libinit2.o(.ARM.Collect$$libinit$$0000000C)
    .ARM.Collect$$libinit$$0000000E          0x0800016c   Section        0  libinit2.o(.ARM.Collect$$libinit$$0000000E)
    .ARM.Collect$$libinit$$00000011          0x0800016c   Section        0  libinit2.o(.ARM.Collect$$libinit$$00000011)
    .ARM.Collect$$libinit$$00000013          0x0800016c   Section        0  libinit2.o(.ARM.Collect$$libinit$$00000013)
    .ARM.Collect$$libinit$$00000015          0x0800016c   Section        0  libinit2.o(.ARM.Collect$$libinit$$00000015)
    .ARM.Collect$$libinit$$00000017          0x0800016c   Section        0  libinit2.o(.ARM.Collect$$libinit$$00000017)
    .ARM.Collect$$libinit$$00000019          0x0800016c   Section        0  libinit2.o(.ARM.Collect$$libinit$$00000019)
    .ARM.Collect$$libinit$$0000001B          0x0800016c   Section        0  libinit2.o(.ARM.Collect$$libinit$$0000001B)
    .ARM.Collect$$libinit$$0000001D          0x0800016c   Section        0  libinit2.o(.ARM.Collect$$libinit$$0000001D)
    .ARM.Collect$$libinit$$0000001F          0x0800016c   Section        0  libinit2.o(.ARM.Collect$$libinit$$0000001F)
    .ARM.Collect$$libinit$$00000021          0x0800016c   Section        0  libinit2.o(.ARM.Collect$$libinit$$00000021)
    .ARM.Collect$$libinit$$00000023          0x0800016c   Section        0  libinit2.o(.ARM.Collect$$libinit$$00000023)
    .ARM.Collect$$libinit$$00000025          0x0800016c   Section        0  libinit2.o(.ARM.Collect$$libinit$$00000025)
    .ARM.Collect$$libinit$$0000002C          0x0800016c   Section        0  libinit2.o(.ARM.Collect$$libinit$$0000002C)
    .ARM.Collect$$libinit$$0000002E          0x0800016c   Section        0  libinit2.o(.ARM.Collect$$libinit$$0000002E)
    .ARM.Collect$$libinit$$00000030          0x0800016c   Section        0  libinit2.o(.ARM.Collect$$libinit$$00000030)
    .ARM.Collect$$libinit$$00000032          0x0800016c   Section        0  libinit2.o(.ARM.Collect$$libinit$$00000032)
    .ARM.Collect$$libinit$$00000033          0x0800016c   Section        2  libinit2.o(.ARM.Collect$$libinit$$00000033)
    .ARM.Collect$$libshutdown$$00000000      0x0800016e   Section        2  libshutdown.o(.ARM.Collect$$libshutdown$$00000000)
    .ARM.Collect$$libshutdown$$00000002      0x08000170   Section        0  libshutdown2.o(.ARM.Collect$$libshutdown$$00000002)
    .ARM.Collect$$libshutdown$$00000004      0x08000170   Section        0  libshutdown2.o(.ARM.Collect$$libshutdown$$00000004)
    .ARM.Collect$$libshutdown$$00000007      0x08000170   Section        0  libshutdown2.o(.ARM.Collect$$libshutdown$$00000007)
    .ARM.Collect$$libshutdown$$0000000A      0x08000170   Section        0  libshutdown2.o(.ARM.Collect$$libshutdown$$0000000A)
    .ARM.Collect$$libshutdown$$0000000C      0x08000170   Section        0  libshutdown2.o(.ARM.Collect$$libshutdown$$0000000C)
    .ARM.Collect$$libshutdown$$0000000F      0x08000170   Section        0  libshutdown2.o(.ARM.Collect$$libshutdown$$0000000F)
    .ARM.Collect$$libshutdown$$00000010      0x08000170   Section        2  libshutdown2.o(.ARM.Collect$$libshutdown$$00000010)
    .ARM.Collect$$rtentry$$00000000          0x08000172   Section        0  __rtentry.o(.ARM.Collect$$rtentry$$00000000)
    .ARM.Collect$$rtentry$$00000002          0x08000172   Section        0  __rtentry2.o(.ARM.Collect$$rtentry$$00000002)
    .ARM.Collect$$rtentry$$00000004          0x08000172   Section        6  __rtentry4.o(.ARM.Collect$$rtentry$$00000004)
    .ARM.Collect$$rtentry$$00000009          0x08000178   Section        0  __rtentry2.o(.ARM.Collect$$rtentry$$00000009)
    .ARM.Collect$$rtentry$$0000000A          0x08000178   Section        4  __rtentry2.o(.ARM.Collect$$rtentry$$0000000A)
    .ARM.Collect$$rtentry$$0000000C          0x0800017c   Section        0  __rtentry2.o(.ARM.Collect$$rtentry$$0000000C)
    .ARM.Collect$$rtentry$$0000000D          0x0800017c   Section        8  __rtentry2.o(.ARM.Collect$$rtentry$$0000000D)
    .ARM.Collect$$rtexit$$00000000           0x08000184   Section        2  rtexit.o(.ARM.Collect$$rtexit$$00000000)
    .ARM.Collect$$rtexit$$00000002           0x08000186   Section        0  rtexit2.o(.ARM.Collect$$rtexit$$00000002)
    .ARM.Collect$$rtexit$$00000003           0x08000186   Section        4  rtexit2.o(.ARM.Collect$$rtexit$$00000003)
    .ARM.Collect$$rtexit$$00000004           0x0800018a   Section        6  rtexit2.o(.ARM.Collect$$rtexit$$00000004)
    .text                                    0x08000190   Section       64  startup_stm32f103xb.o(.text)
    .text                                    0x080001d0   Section        0  __2snprintf.o(.text)
    .text                                    0x08000208   Section        0  _printf_str.o(.text)
    .text                                    0x0800025c   Section        0  __printf_flags_ss_wp.o(.text)
    .text                                    0x080003e4   Section        0  strstr.o(.text)
    .text                                    0x08000408   Section        0  strlen.o(.text)
    .text                                    0x08000446   Section      138  rt_memcpy_v6.o(.text)
    .text                                    0x080004d0   Section      100  rt_memcpy_w.o(.text)
    .text                                    0x08000534   Section       68  rt_memclr.o(.text)
    .text                                    0x08000578   Section       78  rt_memclr_w.o(.text)
    .text                                    0x080005c6   Section        0  heapauxi.o(.text)
    .text                                    0x080005cc   Section        0  _printf_char_common.o(.text)
    _printf_input_char                       0x080005cd   Thumb Code    10  _printf_char_common.o(.text)
    .text                                    0x080005fc   Section        0  _sputc.o(.text)
    .text                                    0x08000606   Section        0  _snputc.o(.text)
    .text                                    0x08000616   Section        0  _printf_char.o(.text)
    .text                                    0x08000644   Section        8  libspace.o(.text)
    .text                                    0x0800064c   Section        2  use_no_semi.o(.text)
    .text                                    0x0800064e   Section        0  indicate_semi.o(.text)
    .text                                    0x0800064e   Section       74  sys_stackheap_outer.o(.text)
    .text                                    0x08000698   Section        0  exit.o(.text)
    .text                                    0x080006ac   Section        0  sys_exit.o(.text)
    i.BusFault_Handler                       0x080006b8   Section        0  stm32f1xx_it.o(i.BusFault_Handler)
    i.DMA1_Channel5_IRQHandler               0x080006bc   Section        0  stm32f1xx_it.o(i.DMA1_Channel5_IRQHandler)
    i.DMA_SetConfig                          0x080006c8   Section        0  stm32f1xx_hal_dma.o(i.DMA_SetConfig)
    DMA_SetConfig                            0x080006c9   Thumb Code    42  stm32f1xx_hal_dma.o(i.DMA_SetConfig)
    i.DebugMon_Handler                       0x080006f2   Section        0  stm32f1xx_it.o(i.DebugMon_Handler)
    i.Delay_Init                             0x080006f4   Section        0  delay.o(i.Delay_Init)
    i.ESP8266_Clear                          0x08000718   Section        0  esp8266.o(i.ESP8266_Clear)
    i.ESP8266_ConnectWiFi                    0x08000734   Section        0  esp8266.o(i.ESP8266_ConnectWiFi)
    i.ESP8266_SendCmd                        0x08000794   Section        0  esp8266.o(i.ESP8266_SendCmd)
    i.ESP8266_WaitRecive                     0x08000850   Section        0  esp8266.o(i.ESP8266_WaitRecive)
    i.Error_Handler                          0x08000874   Section        0  main.o(i.Error_Handler)
    i.HAL_DMA_Abort                          0x08000878   Section        0  stm32f1xx_hal_dma.o(i.HAL_DMA_Abort)
    i.HAL_DMA_Abort_IT                       0x080008c0   Section        0  stm32f1xx_hal_dma.o(i.HAL_DMA_Abort_IT)
    i.HAL_DMA_IRQHandler                     0x08000958   Section        0  stm32f1xx_hal_dma.o(i.HAL_DMA_IRQHandler)
    i.HAL_DMA_Init                           0x08000aac   Section        0  stm32f1xx_hal_dma.o(i.HAL_DMA_Init)
    i.HAL_DMA_Start_IT                       0x08000b08   Section        0  stm32f1xx_hal_dma.o(i.HAL_DMA_Start_IT)
    i.HAL_Delay                              0x08000b78   Section        0  stm32f1xx_hal.o(i.HAL_Delay)
    i.HAL_GPIO_Init                          0x08000b9c   Section        0  stm32f1xx_hal_gpio.o(i.HAL_GPIO_Init)
    i.HAL_GPIO_WritePin                      0x08000d7c   Section        0  stm32f1xx_hal_gpio.o(i.HAL_GPIO_WritePin)
    i.HAL_GetTick                            0x08000d88   Section        0  stm32f1xx_hal.o(i.HAL_GetTick)
    i.HAL_IncTick                            0x08000d94   Section        0  stm32f1xx_hal.o(i.HAL_IncTick)
    i.HAL_Init                               0x08000da4   Section        0  stm32f1xx_hal.o(i.HAL_Init)
    i.HAL_InitTick                           0x08000dc8   Section        0  stm32f1xx_hal.o(i.HAL_InitTick)
    i.HAL_MspInit                            0x08000e08   Section        0  stm32f1xx_hal_msp.o(i.HAL_MspInit)
    i.HAL_NVIC_EnableIRQ                     0x08000e44   Section        0  stm32f1xx_hal_cortex.o(i.HAL_NVIC_EnableIRQ)
    i.HAL_NVIC_SetPriority                   0x08000e60   Section        0  stm32f1xx_hal_cortex.o(i.HAL_NVIC_SetPriority)
    i.HAL_NVIC_SetPriorityGrouping           0x08000ea0   Section        0  stm32f1xx_hal_cortex.o(i.HAL_NVIC_SetPriorityGrouping)
    i.HAL_RCC_ClockConfig                    0x08000ec4   Section        0  stm32f1xx_hal_rcc.o(i.HAL_RCC_ClockConfig)
    i.HAL_RCC_GetPCLK1Freq                   0x08000ff0   Section        0  stm32f1xx_hal_rcc.o(i.HAL_RCC_GetPCLK1Freq)
    i.HAL_RCC_GetPCLK2Freq                   0x08001010   Section        0  stm32f1xx_hal_rcc.o(i.HAL_RCC_GetPCLK2Freq)
    i.HAL_RCC_GetSysClockFreq                0x08001030   Section        0  stm32f1xx_hal_rcc.o(i.HAL_RCC_GetSysClockFreq)
    i.HAL_RCC_OscConfig                      0x0800107c   Section        0  stm32f1xx_hal_rcc.o(i.HAL_RCC_OscConfig)
    i.HAL_SYSTICK_Config                     0x0800139c   Section        0  stm32f1xx_hal_cortex.o(i.HAL_SYSTICK_Config)
    i.HAL_TIMEx_BreakCallback                0x080013c4   Section        0  stm32f1xx_hal_tim_ex.o(i.HAL_TIMEx_BreakCallback)
    i.HAL_TIMEx_CommutCallback               0x080013c6   Section        0  stm32f1xx_hal_tim_ex.o(i.HAL_TIMEx_CommutCallback)
    i.HAL_TIMEx_MasterConfigSynchronization  0x080013c8   Section        0  stm32f1xx_hal_tim_ex.o(i.HAL_TIMEx_MasterConfigSynchronization)
    i.HAL_TIM_Base_Init                      0x08001430   Section        0  stm32f1xx_hal_tim.o(i.HAL_TIM_Base_Init)
    i.HAL_TIM_Base_MspInit                   0x0800148c   Section        0  tim.o(i.HAL_TIM_Base_MspInit)
    i.HAL_TIM_ConfigClockSource              0x08001504   Section        0  stm32f1xx_hal_tim.o(i.HAL_TIM_ConfigClockSource)
    i.HAL_TIM_IC_CaptureCallback             0x080015e0   Section        0  hc_sr04.o(i.HAL_TIM_IC_CaptureCallback)
    i.HAL_TIM_IC_ConfigChannel               0x08001644   Section        0  stm32f1xx_hal_tim.o(i.HAL_TIM_IC_ConfigChannel)
    i.HAL_TIM_IC_Init                        0x08001768   Section        0  stm32f1xx_hal_tim.o(i.HAL_TIM_IC_Init)
    i.HAL_TIM_IC_MspInit                     0x080017c2   Section        0  stm32f1xx_hal_tim.o(i.HAL_TIM_IC_MspInit)
    i.HAL_TIM_IC_Start_IT                    0x080017c4   Section        0  stm32f1xx_hal_tim.o(i.HAL_TIM_IC_Start_IT)
    i.HAL_TIM_IRQHandler                     0x080018a8   Section        0  stm32f1xx_hal_tim.o(i.HAL_TIM_IRQHandler)
    i.HAL_TIM_OC_DelayElapsedCallback        0x080019d8   Section        0  stm32f1xx_hal_tim.o(i.HAL_TIM_OC_DelayElapsedCallback)
    i.HAL_TIM_PWM_PulseFinishedCallback      0x080019da   Section        0  stm32f1xx_hal_tim.o(i.HAL_TIM_PWM_PulseFinishedCallback)
    i.HAL_TIM_PeriodElapsedCallback          0x080019dc   Section        0  stm32f1xx_hal_tim.o(i.HAL_TIM_PeriodElapsedCallback)
    i.HAL_TIM_ReadCapturedValue              0x080019de   Section        0  stm32f1xx_hal_tim.o(i.HAL_TIM_ReadCapturedValue)
    i.HAL_TIM_TriggerCallback                0x08001a08   Section        0  stm32f1xx_hal_tim.o(i.HAL_TIM_TriggerCallback)
    i.HAL_UARTEx_RxEventCallback             0x08001a0a   Section        0  stm32f1xx_hal_uart.o(i.HAL_UARTEx_RxEventCallback)
    i.HAL_UART_DMAStop                       0x08001a0c   Section        0  stm32f1xx_hal_uart.o(i.HAL_UART_DMAStop)
    i.HAL_UART_ErrorCallback                 0x08001a7c   Section        0  stm32f1xx_hal_uart.o(i.HAL_UART_ErrorCallback)
    i.HAL_UART_IRQHandler                    0x08001a80   Section        0  stm32f1xx_hal_uart.o(i.HAL_UART_IRQHandler)
    i.HAL_UART_Init                          0x08001cec   Section        0  stm32f1xx_hal_uart.o(i.HAL_UART_Init)
    i.HAL_UART_MspInit                       0x08001d50   Section        0  usart.o(i.HAL_UART_MspInit)
    i.HAL_UART_Receive_DMA                   0x08001e00   Section        0  stm32f1xx_hal_uart.o(i.HAL_UART_Receive_DMA)
    i.HAL_UART_RxCpltCallback                0x08001e1c   Section        0  esp8266.o(i.HAL_UART_RxCpltCallback)
    i.HAL_UART_RxHalfCpltCallback            0x08001e48   Section        0  stm32f1xx_hal_uart.o(i.HAL_UART_RxHalfCpltCallback)
    i.HAL_UART_Transmit                      0x08001e4a   Section        0  stm32f1xx_hal_uart.o(i.HAL_UART_Transmit)
    i.HAL_UART_TxCpltCallback                0x08001eea   Section        0  stm32f1xx_hal_uart.o(i.HAL_UART_TxCpltCallback)
    i.HC_SR04_Init                           0x08001eec   Section        0  hc_sr04.o(i.HC_SR04_Init)
    i.HC_SR04_MeasureDistance                0x08001ef8   Section        0  hc_sr04.o(i.HC_SR04_MeasureDistance)
    i.HardFault_Handler                      0x08001f98   Section        0  stm32f1xx_it.o(i.HardFault_Handler)
    i.I2C_Start                              0x08001f9c   Section        0  oled.o(i.I2C_Start)
    i.I2C_Stop                               0x08001fe0   Section        0  oled.o(i.I2C_Stop)
    i.I2C_WaitAck                            0x08002014   Section        0  oled.o(i.I2C_WaitAck)
    i.IIC_delay                              0x0800204c   Section        0  oled.o(i.IIC_delay)
    i.MX_DMA_Init                            0x08002058   Section        0  dma.o(i.MX_DMA_Init)
    i.MX_GPIO_Init                           0x08002084   Section        0  gpio.o(i.MX_GPIO_Init)
    i.MX_TIM2_Init                           0x0800212c   Section        0  tim.o(i.MX_TIM2_Init)
    i.MX_USART1_UART_Init                    0x080021c0   Section        0  usart.o(i.MX_USART1_UART_Init)
    i.MemManage_Handler                      0x08002200   Section        0  stm32f1xx_it.o(i.MemManage_Handler)
    i.NMI_Handler                            0x08002202   Section        0  stm32f1xx_it.o(i.NMI_Handler)
    i.OLED_Clear                             0x08002204   Section        0  oled.o(i.OLED_Clear)
    i.OLED_DrawPoint                         0x08002230   Section        0  oled.o(i.OLED_DrawPoint)
    i.OLED_Init                              0x0800225c   Section        0  oled.o(i.OLED_Init)
    i.OLED_Pow                               0x08002336   Section        0  oled.o(i.OLED_Pow)
    i.OLED_Refresh                           0x08002348   Section        0  oled.o(i.OLED_Refresh)
    i.OLED_ShowChar                          0x080023b0   Section        0  oled.o(i.OLED_ShowChar)
    i.OLED_ShowNum                           0x08002494   Section        0  oled.o(i.OLED_ShowNum)
    i.OLED_ShowString                        0x08002502   Section        0  oled.o(i.OLED_ShowString)
    i.OLED_WR_Byte                           0x0800253e   Section        0  oled.o(i.OLED_WR_Byte)
    i.PendSV_Handler                         0x08002574   Section        0  stm32f1xx_it.o(i.PendSV_Handler)
    i.SVC_Handler                            0x08002576   Section        0  stm32f1xx_it.o(i.SVC_Handler)
    i.Send_Byte                              0x08002578   Section        0  oled.o(i.Send_Byte)
    i.SysTick_Handler                        0x080025cc   Section        0  stm32f1xx_it.o(i.SysTick_Handler)
    i.SystemClock_Config                     0x080025d0   Section        0  main.o(i.SystemClock_Config)
    i.SystemInit                             0x0800262e   Section        0  system_stm32f1xx.o(i.SystemInit)
    i.TIM2_IRQHandler                        0x08002630   Section        0  stm32f1xx_it.o(i.TIM2_IRQHandler)
    i.TIM_Base_SetConfig                     0x0800263c   Section        0  stm32f1xx_hal_tim.o(i.TIM_Base_SetConfig)
    i.TIM_CCxChannelCmd                      0x080026b4   Section        0  stm32f1xx_hal_tim.o(i.TIM_CCxChannelCmd)
    i.TIM_ETR_SetConfig                      0x080026ce   Section        0  stm32f1xx_hal_tim.o(i.TIM_ETR_SetConfig)
    i.TIM_ITRx_SetConfig                     0x080026e2   Section        0  stm32f1xx_hal_tim.o(i.TIM_ITRx_SetConfig)
    TIM_ITRx_SetConfig                       0x080026e3   Thumb Code    16  stm32f1xx_hal_tim.o(i.TIM_ITRx_SetConfig)
    i.TIM_TI1_ConfigInputStage               0x080026f2   Section        0  stm32f1xx_hal_tim.o(i.TIM_TI1_ConfigInputStage)
    TIM_TI1_ConfigInputStage                 0x080026f3   Thumb Code    34  stm32f1xx_hal_tim.o(i.TIM_TI1_ConfigInputStage)
    i.TIM_TI1_SetConfig                      0x08002714   Section        0  stm32f1xx_hal_tim.o(i.TIM_TI1_SetConfig)
    i.TIM_TI2_ConfigInputStage               0x0800276c   Section        0  stm32f1xx_hal_tim.o(i.TIM_TI2_ConfigInputStage)
    TIM_TI2_ConfigInputStage                 0x0800276d   Thumb Code    36  stm32f1xx_hal_tim.o(i.TIM_TI2_ConfigInputStage)
    i.TIM_TI2_SetConfig                      0x08002790   Section        0  stm32f1xx_hal_tim.o(i.TIM_TI2_SetConfig)
    TIM_TI2_SetConfig                        0x08002791   Thumb Code    54  stm32f1xx_hal_tim.o(i.TIM_TI2_SetConfig)
    i.UART_DMAAbortOnError                   0x080027c6   Section        0  stm32f1xx_hal_uart.o(i.UART_DMAAbortOnError)
    UART_DMAAbortOnError                     0x080027c7   Thumb Code    16  stm32f1xx_hal_uart.o(i.UART_DMAAbortOnError)
    i.UART_DMAError                          0x080027d6   Section        0  stm32f1xx_hal_uart.o(i.UART_DMAError)
    UART_DMAError                            0x080027d7   Thumb Code    74  stm32f1xx_hal_uart.o(i.UART_DMAError)
    i.UART_DMAReceiveCplt                    0x08002820   Section        0  stm32f1xx_hal_uart.o(i.UART_DMAReceiveCplt)
    UART_DMAReceiveCplt                      0x08002821   Thumb Code   134  stm32f1xx_hal_uart.o(i.UART_DMAReceiveCplt)
    i.UART_DMARxHalfCplt                     0x080028a6   Section        0  stm32f1xx_hal_uart.o(i.UART_DMARxHalfCplt)
    UART_DMARxHalfCplt                       0x080028a7   Thumb Code    30  stm32f1xx_hal_uart.o(i.UART_DMARxHalfCplt)
    i.UART_EndRxTransfer                     0x080028c4   Section        0  stm32f1xx_hal_uart.o(i.UART_EndRxTransfer)
    UART_EndRxTransfer                       0x080028c5   Thumb Code    78  stm32f1xx_hal_uart.o(i.UART_EndRxTransfer)
    i.UART_EndTxTransfer                     0x08002912   Section        0  stm32f1xx_hal_uart.o(i.UART_EndTxTransfer)
    UART_EndTxTransfer                       0x08002913   Thumb Code    28  stm32f1xx_hal_uart.o(i.UART_EndTxTransfer)
    i.UART_Receive_IT                        0x0800292e   Section        0  stm32f1xx_hal_uart.o(i.UART_Receive_IT)
    UART_Receive_IT                          0x0800292f   Thumb Code   194  stm32f1xx_hal_uart.o(i.UART_Receive_IT)
    i.UART_SetConfig                         0x080029f0   Section        0  stm32f1xx_hal_uart.o(i.UART_SetConfig)
    UART_SetConfig                           0x080029f1   Thumb Code   178  stm32f1xx_hal_uart.o(i.UART_SetConfig)
    i.UART_Start_Receive_DMA                 0x08002aa8   Section        0  stm32f1xx_hal_uart.o(i.UART_Start_Receive_DMA)
    i.UART_WaitOnFlagUntilTimeout            0x08002b38   Section        0  stm32f1xx_hal_uart.o(i.UART_WaitOnFlagUntilTimeout)
    UART_WaitOnFlagUntilTimeout              0x08002b39   Thumb Code   114  stm32f1xx_hal_uart.o(i.UART_WaitOnFlagUntilTimeout)
    i.USART1_IRQHandler                      0x08002bac   Section        0  stm32f1xx_it.o(i.USART1_IRQHandler)
    i.UsageFault_Handler                     0x08002c00   Section        0  stm32f1xx_it.o(i.UsageFault_Handler)
    i.__NVIC_SetPriority                     0x08002c02   Section        0  stm32f1xx_hal_cortex.o(i.__NVIC_SetPriority)
    __NVIC_SetPriority                       0x08002c03   Thumb Code    32  stm32f1xx_hal_cortex.o(i.__NVIC_SetPriority)
    i._is_digit                              0x08002c22   Section        0  __printf_wp.o(i._is_digit)
    i.delay_ms                               0x08002c30   Section        0  delay.o(i.delay_ms)
    i.delay_us                               0x08002c4c   Section        0  delay.o(i.delay_us)
    i.main                                   0x08002c80   Section        0  main.o(i.main)
    x$fpl$d2f                                0x08002d6c   Section       98  d2f.o(x$fpl$d2f)
    x$fpl$ddiv                               0x08002dd0   Section      688  ddiv.o(x$fpl$ddiv)
    ddiv_entry                               0x08002dd7   Thumb Code     0  ddiv.o(x$fpl$ddiv)
    x$fpl$dfltu                              0x08003080   Section       38  dflt_clz.o(x$fpl$dfltu)
    x$fpl$dmul                               0x080030a8   Section      340  dmul.o(x$fpl$dmul)
    x$fpl$dnaninf                            0x080031fc   Section      156  dnaninf.o(x$fpl$dnaninf)
    x$fpl$dretinf                            0x08003298   Section       12  dretinf.o(x$fpl$dretinf)
    x$fpl$fadd                               0x080032a4   Section      196  faddsub_clz.o(x$fpl$fadd)
    _fadd1                                   0x080032b3   Thumb Code     0  faddsub_clz.o(x$fpl$fadd)
    x$fpl$ffixu                              0x08003368   Section       62  ffixu.o(x$fpl$ffixu)
    x$fpl$ffltu                              0x080033a8   Section       38  fflt_clz.o(x$fpl$ffltu)
    x$fpl$fmul                               0x080033d0   Section      258  fmul.o(x$fpl$fmul)
    x$fpl$fnaninf                            0x080034d2   Section      140  fnaninf.o(x$fpl$fnaninf)
    x$fpl$fretinf                            0x0800355e   Section       10  fretinf.o(x$fpl$fretinf)
    x$fpl$frsb                               0x08003568   Section       20  faddsub_clz.o(x$fpl$frsb)
    x$fpl$fsub                               0x0800357c   Section      234  faddsub_clz.o(x$fpl$fsub)
    _fsub1                                   0x0800358b   Thumb Code     0  faddsub_clz.o(x$fpl$fsub)
    .constdata                               0x08003666   Section       18  stm32f1xx_hal_rcc.o(.constdata)
    x$fpl$usenofp                            0x08003666   Section        0  usenofp.o(x$fpl$usenofp)
    aPredivFactorTable                       0x08003666   Data           2  stm32f1xx_hal_rcc.o(.constdata)
    aPLLMULFactorTable                       0x08003668   Data          16  stm32f1xx_hal_rcc.o(.constdata)
    .constdata                               0x08003678   Section       16  system_stm32f1xx.o(.constdata)
    .constdata                               0x08003688   Section        8  system_stm32f1xx.o(.constdata)
    .constdata                               0x08003690   Section     6632  oled.o(.constdata)
    .constdata                               0x08005078   Section       17  __printf_flags_ss_wp.o(.constdata)
    maptable                                 0x08005078   Data          17  __printf_flags_ss_wp.o(.constdata)
    .data                                    0x20000000   Section       12  stm32f1xx_hal.o(.data)
    .data                                    0x2000000c   Section        4  system_stm32f1xx.o(.data)
    .data                                    0x20000010   Section       12  hc_sr04.o(.data)
    .data                                    0x2000001c   Section        8  delay.o(.data)
    fac_us                                   0x2000001c   Data           4  delay.o(.data)
    fac_ms                                   0x20000020   Data           4  delay.o(.data)
    .data                                    0x20000024   Section        4  esp8266.o(.data)
    .bss                                     0x20000028   Section       72  tim.o(.bss)
    .bss                                     0x20000070   Section      140  usart.o(.bss)
    .bss                                     0x200000fc   Section     1152  oled.o(.bss)
    .bss                                     0x2000057c   Section      128  esp8266.o(.bss)
    .bss                                     0x200005fc   Section       96  libspace.o(.bss)
    HEAP                                     0x20000660   Section      512  startup_stm32f103xb.o(HEAP)
    Heap_Mem                                 0x20000660   Data         512  startup_stm32f103xb.o(HEAP)
    STACK                                    0x20000860   Section     1024  startup_stm32f103xb.o(STACK)
    Stack_Mem                                0x20000860   Data        1024  startup_stm32f103xb.o(STACK)
    __initial_sp                             0x20000c60   Data           0  startup_stm32f103xb.o(STACK)

    Global Symbols

    Symbol Name                              Value     Ov Type        Size  Object(Section)

    BuildAttributes$$THM_ISAv4$P$D$K$B$S$PE$A:L22UL41UL21$X:L11$S22US41US21$IEEE1$IW$USESV6$~STKCKD$USESV7$~SHL$OTIME$ROPI$IEEEX$EBA8$UX$STANDARDLIB$REQ8$PRES8$EABIv2 0x00000000   Number         0  anon$$obj.o ABSOLUTE
    __ARM_use_no_argv                        0x00000000   Number         0  main.o ABSOLUTE
    _printf_flags                            0x00000000   Number         0  printf_stubs.o ABSOLUTE
    _printf_return_value                     0x00000000   Number         0  printf_stubs.o ABSOLUTE
    _printf_sizespec                         0x00000000   Number         0  printf_stubs.o ABSOLUTE
    _printf_widthprec                        0x00000000   Number         0  printf_stubs.o ABSOLUTE
    __ARM_exceptions_init                     - Undefined Weak Reference
    __alloca_initialize                       - Undefined Weak Reference
    __arm_preinit_                            - Undefined Weak Reference
    __cpp_initialize__aeabi_                  - Undefined Weak Reference
    __cxa_finalize                            - Undefined Weak Reference
    __sigvec_lookup                           - Undefined Weak Reference
    __user_heap_extent                        - Undefined Weak Reference
    _atexit_init                              - Undefined Weak Reference
    _call_atexit_fns                          - Undefined Weak Reference
    _clock_init                               - Undefined Weak Reference
    _fp_trap_init                             - Undefined Weak Reference
    _fp_trap_shutdown                         - Undefined Weak Reference
    _get_lc_collate                           - Undefined Weak Reference
    _get_lc_monetary                          - Undefined Weak Reference
    _get_lc_time                              - Undefined Weak Reference
    _getenv_init                              - Undefined Weak Reference
    _handle_redirection                       - Undefined Weak Reference
    _initio                                   - Undefined Weak Reference
    _mutex_acquire                            - Undefined Weak Reference
    _mutex_free                               - Undefined Weak Reference
    _mutex_release                            - Undefined Weak Reference
    _printf_mbtowc                            - Undefined Weak Reference
    _printf_truncate_signed                   - Undefined Weak Reference
    _printf_truncate_unsigned                 - Undefined Weak Reference
    _rand_init                                - Undefined Weak Reference
    _scanf_int                                - Undefined Weak Reference
    _scanf_longlong                           - Undefined Weak Reference
    _scanf_mbtowc                             - Undefined Weak Reference
    _scanf_string                             - Undefined Weak Reference
    _scanf_wctomb                             - Undefined Weak Reference
    _scanf_wstring                            - Undefined Weak Reference
    _signal_finish                            - Undefined Weak Reference
    _signal_init                              - Undefined Weak Reference
    _terminateio                              - Undefined Weak Reference
    __Vectors_Size                           0x000000ec   Number         0  startup_stm32f103xb.o ABSOLUTE
    __Vectors                                0x08000000   Data           4  startup_stm32f103xb.o(RESET)
    __Vectors_End                            0x080000ec   Data           0  startup_stm32f103xb.o(RESET)
    __main                                   0x080000ed   Thumb Code     8  __main.o(!!!main)
    __scatterload                            0x080000f5   Thumb Code     0  __scatter.o(!!!scatter)
    __scatterload_rt2                        0x080000f5   Thumb Code    44  __scatter.o(!!!scatter)
    __scatterload_rt2_thumb_only             0x080000f5   Thumb Code     0  __scatter.o(!!!scatter)
    __scatterload_null                       0x08000103   Thumb Code     0  __scatter.o(!!!scatter)
    __scatterload_copy                       0x08000129   Thumb Code    26  __scatter_copy.o(!!handler_copy)
    __scatterload_zeroinit                   0x08000145   Thumb Code    28  __scatter_zi.o(!!handler_zi)
    _printf_percent                          0x08000161   Thumb Code     0  _printf_percent.o(.ARM.Collect$$_printf_percent$$00000000)
    _printf_s                                0x08000161   Thumb Code     0  _printf_s.o(.ARM.Collect$$_printf_percent$$00000014)
    _printf_percent_end                      0x08000167   Thumb Code     0  _printf_percent_end.o(.ARM.Collect$$_printf_percent$$00000017)
    __rt_lib_init                            0x0800016b   Thumb Code     0  libinit.o(.ARM.Collect$$libinit$$00000000)
    __rt_lib_init_alloca_1                   0x0800016d   Thumb Code     0  libinit2.o(.ARM.Collect$$libinit$$0000002E)
    __rt_lib_init_argv_1                     0x0800016d   Thumb Code     0  libinit2.o(.ARM.Collect$$libinit$$0000002C)
    __rt_lib_init_atexit_1                   0x0800016d   Thumb Code     0  libinit2.o(.ARM.Collect$$libinit$$0000001B)
    __rt_lib_init_clock_1                    0x0800016d   Thumb Code     0  libinit2.o(.ARM.Collect$$libinit$$00000021)
    __rt_lib_init_cpp_1                      0x0800016d   Thumb Code     0  libinit2.o(.ARM.Collect$$libinit$$00000032)
    __rt_lib_init_exceptions_1               0x0800016d   Thumb Code     0  libinit2.o(.ARM.Collect$$libinit$$00000030)
    __rt_lib_init_fp_1                       0x0800016d   Thumb Code     0  libinit2.o(.ARM.Collect$$libinit$$00000002)
    __rt_lib_init_fp_trap_1                  0x0800016d   Thumb Code     0  libinit2.o(.ARM.Collect$$libinit$$0000001F)
    __rt_lib_init_getenv_1                   0x0800016d   Thumb Code     0  libinit2.o(.ARM.Collect$$libinit$$00000023)
    __rt_lib_init_heap_1                     0x0800016d   Thumb Code     0  libinit2.o(.ARM.Collect$$libinit$$0000000A)
    __rt_lib_init_lc_collate_1               0x0800016d   Thumb Code     0  libinit2.o(.ARM.Collect$$libinit$$00000011)
    __rt_lib_init_lc_ctype_1                 0x0800016d   Thumb Code     0  libinit2.o(.ARM.Collect$$libinit$$00000013)
    __rt_lib_init_lc_monetary_1              0x0800016d   Thumb Code     0  libinit2.o(.ARM.Collect$$libinit$$00000015)
    __rt_lib_init_lc_numeric_1               0x0800016d   Thumb Code     0  libinit2.o(.ARM.Collect$$libinit$$00000017)
    __rt_lib_init_lc_time_1                  0x0800016d   Thumb Code     0  libinit2.o(.ARM.Collect$$libinit$$00000019)
    __rt_lib_init_preinit_1                  0x0800016d   Thumb Code     0  libinit2.o(.ARM.Collect$$libinit$$00000004)
    __rt_lib_init_rand_1                     0x0800016d   Thumb Code     0  libinit2.o(.ARM.Collect$$libinit$$0000000E)
    __rt_lib_init_return                     0x0800016d   Thumb Code     0  libinit2.o(.ARM.Collect$$libinit$$00000033)
    __rt_lib_init_signal_1                   0x0800016d   Thumb Code     0  libinit2.o(.ARM.Collect$$libinit$$0000001D)
    __rt_lib_init_stdio_1                    0x0800016d   Thumb Code     0  libinit2.o(.ARM.Collect$$libinit$$00000025)
    __rt_lib_init_user_alloc_1               0x0800016d   Thumb Code     0  libinit2.o(.ARM.Collect$$libinit$$0000000C)
    __rt_lib_shutdown                        0x0800016f   Thumb Code     0  libshutdown.o(.ARM.Collect$$libshutdown$$00000000)
    __rt_lib_shutdown_cpp_1                  0x08000171   Thumb Code     0  libshutdown2.o(.ARM.Collect$$libshutdown$$00000002)
    __rt_lib_shutdown_fp_trap_1              0x08000171   Thumb Code     0  libshutdown2.o(.ARM.Collect$$libshutdown$$00000007)
    __rt_lib_shutdown_heap_1                 0x08000171   Thumb Code     0  libshutdown2.o(.ARM.Collect$$libshutdown$$0000000F)
    __rt_lib_shutdown_return                 0x08000171   Thumb Code     0  libshutdown2.o(.ARM.Collect$$libshutdown$$00000010)
    __rt_lib_shutdown_signal_1               0x08000171   Thumb Code     0  libshutdown2.o(.ARM.Collect$$libshutdown$$0000000A)
    __rt_lib_shutdown_stdio_1                0x08000171   Thumb Code     0  libshutdown2.o(.ARM.Collect$$libshutdown$$00000004)
    __rt_lib_shutdown_user_alloc_1           0x08000171   Thumb Code     0  libshutdown2.o(.ARM.Collect$$libshutdown$$0000000C)
    __rt_entry                               0x08000173   Thumb Code     0  __rtentry.o(.ARM.Collect$$rtentry$$00000000)
    __rt_entry_presh_1                       0x08000173   Thumb Code     0  __rtentry2.o(.ARM.Collect$$rtentry$$00000002)
    __rt_entry_sh                            0x08000173   Thumb Code     0  __rtentry4.o(.ARM.Collect$$rtentry$$00000004)
    __rt_entry_li                            0x08000179   Thumb Code     0  __rtentry2.o(.ARM.Collect$$rtentry$$0000000A)
    __rt_entry_postsh_1                      0x08000179   Thumb Code     0  __rtentry2.o(.ARM.Collect$$rtentry$$00000009)
    __rt_entry_main                          0x0800017d   Thumb Code     0  __rtentry2.o(.ARM.Collect$$rtentry$$0000000D)
    __rt_entry_postli_1                      0x0800017d   Thumb Code     0  __rtentry2.o(.ARM.Collect$$rtentry$$0000000C)
    __rt_exit                                0x08000185   Thumb Code     0  rtexit.o(.ARM.Collect$$rtexit$$00000000)
    __rt_exit_ls                             0x08000187   Thumb Code     0  rtexit2.o(.ARM.Collect$$rtexit$$00000003)
    __rt_exit_prels_1                        0x08000187   Thumb Code     0  rtexit2.o(.ARM.Collect$$rtexit$$00000002)
    __rt_exit_exit                           0x0800018b   Thumb Code     0  rtexit2.o(.ARM.Collect$$rtexit$$00000004)
    Reset_Handler                            0x08000191   Thumb Code     8  startup_stm32f103xb.o(.text)
    ADC1_2_IRQHandler                        0x080001ab   Thumb Code     0  startup_stm32f103xb.o(.text)
    CAN1_RX1_IRQHandler                      0x080001ab   Thumb Code     0  startup_stm32f103xb.o(.text)
    CAN1_SCE_IRQHandler                      0x080001ab   Thumb Code     0  startup_stm32f103xb.o(.text)
    DMA1_Channel1_IRQHandler                 0x080001ab   Thumb Code     0  startup_stm32f103xb.o(.text)
    DMA1_Channel2_IRQHandler                 0x080001ab   Thumb Code     0  startup_stm32f103xb.o(.text)
    DMA1_Channel3_IRQHandler                 0x080001ab   Thumb Code     0  startup_stm32f103xb.o(.text)
    DMA1_Channel4_IRQHandler                 0x080001ab   Thumb Code     0  startup_stm32f103xb.o(.text)
    DMA1_Channel6_IRQHandler                 0x080001ab   Thumb Code     0  startup_stm32f103xb.o(.text)
    DMA1_Channel7_IRQHandler                 0x080001ab   Thumb Code     0  startup_stm32f103xb.o(.text)
    EXTI0_IRQHandler                         0x080001ab   Thumb Code     0  startup_stm32f103xb.o(.text)
    EXTI15_10_IRQHandler                     0x080001ab   Thumb Code     0  startup_stm32f103xb.o(.text)
    EXTI1_IRQHandler                         0x080001ab   Thumb Code     0  startup_stm32f103xb.o(.text)
    EXTI2_IRQHandler                         0x080001ab   Thumb Code     0  startup_stm32f103xb.o(.text)
    EXTI3_IRQHandler                         0x080001ab   Thumb Code     0  startup_stm32f103xb.o(.text)
    EXTI4_IRQHandler                         0x080001ab   Thumb Code     0  startup_stm32f103xb.o(.text)
    EXTI9_5_IRQHandler                       0x080001ab   Thumb Code     0  startup_stm32f103xb.o(.text)
    FLASH_IRQHandler                         0x080001ab   Thumb Code     0  startup_stm32f103xb.o(.text)
    I2C1_ER_IRQHandler                       0x080001ab   Thumb Code     0  startup_stm32f103xb.o(.text)
    I2C1_EV_IRQHandler                       0x080001ab   Thumb Code     0  startup_stm32f103xb.o(.text)
    I2C2_ER_IRQHandler                       0x080001ab   Thumb Code     0  startup_stm32f103xb.o(.text)
    I2C2_EV_IRQHandler                       0x080001ab   Thumb Code     0  startup_stm32f103xb.o(.text)
    PVD_IRQHandler                           0x080001ab   Thumb Code     0  startup_stm32f103xb.o(.text)
    RCC_IRQHandler                           0x080001ab   Thumb Code     0  startup_stm32f103xb.o(.text)
    RTC_Alarm_IRQHandler                     0x080001ab   Thumb Code     0  startup_stm32f103xb.o(.text)
    RTC_IRQHandler                           0x080001ab   Thumb Code     0  startup_stm32f103xb.o(.text)
    SPI1_IRQHandler                          0x080001ab   Thumb Code     0  startup_stm32f103xb.o(.text)
    SPI2_IRQHandler                          0x080001ab   Thumb Code     0  startup_stm32f103xb.o(.text)
    TAMPER_IRQHandler                        0x080001ab   Thumb Code     0  startup_stm32f103xb.o(.text)
    TIM1_BRK_IRQHandler                      0x080001ab   Thumb Code     0  startup_stm32f103xb.o(.text)
    TIM1_CC_IRQHandler                       0x080001ab   Thumb Code     0  startup_stm32f103xb.o(.text)
    TIM1_TRG_COM_IRQHandler                  0x080001ab   Thumb Code     0  startup_stm32f103xb.o(.text)
    TIM1_UP_IRQHandler                       0x080001ab   Thumb Code     0  startup_stm32f103xb.o(.text)
    TIM3_IRQHandler                          0x080001ab   Thumb Code     0  startup_stm32f103xb.o(.text)
    TIM4_IRQHandler                          0x080001ab   Thumb Code     0  startup_stm32f103xb.o(.text)
    USART2_IRQHandler                        0x080001ab   Thumb Code     0  startup_stm32f103xb.o(.text)
    USART3_IRQHandler                        0x080001ab   Thumb Code     0  startup_stm32f103xb.o(.text)
    USBWakeUp_IRQHandler                     0x080001ab   Thumb Code     0  startup_stm32f103xb.o(.text)
    USB_HP_CAN1_TX_IRQHandler                0x080001ab   Thumb Code     0  startup_stm32f103xb.o(.text)
    USB_LP_CAN1_RX0_IRQHandler               0x080001ab   Thumb Code     0  startup_stm32f103xb.o(.text)
    WWDG_IRQHandler                          0x080001ab   Thumb Code     0  startup_stm32f103xb.o(.text)
    __user_initial_stackheap                 0x080001ad   Thumb Code     0  startup_stm32f103xb.o(.text)
    __2snprintf                              0x080001d1   Thumb Code    50  __2snprintf.o(.text)
    _printf_str                              0x08000209   Thumb Code    82  _printf_str.o(.text)
    __printf                                 0x0800025d   Thumb Code   388  __printf_flags_ss_wp.o(.text)
    strstr                                   0x080003e5   Thumb Code    36  strstr.o(.text)
    strlen                                   0x08000409   Thumb Code    62  strlen.o(.text)
    __aeabi_memcpy                           0x08000447   Thumb Code     0  rt_memcpy_v6.o(.text)
    __rt_memcpy                              0x08000447   Thumb Code   138  rt_memcpy_v6.o(.text)
    _memcpy_lastbytes                        0x080004ad   Thumb Code     0  rt_memcpy_v6.o(.text)
    __aeabi_memcpy4                          0x080004d1   Thumb Code     0  rt_memcpy_w.o(.text)
    __aeabi_memcpy8                          0x080004d1   Thumb Code     0  rt_memcpy_w.o(.text)
    __rt_memcpy_w                            0x080004d1   Thumb Code   100  rt_memcpy_w.o(.text)
    _memcpy_lastbytes_aligned                0x08000519   Thumb Code     0  rt_memcpy_w.o(.text)
    __aeabi_memclr                           0x08000535   Thumb Code     0  rt_memclr.o(.text)
    __rt_memclr                              0x08000535   Thumb Code    68  rt_memclr.o(.text)
    _memset                                  0x08000539   Thumb Code     0  rt_memclr.o(.text)
    __aeabi_memclr4                          0x08000579   Thumb Code     0  rt_memclr_w.o(.text)
    __aeabi_memclr8                          0x08000579   Thumb Code     0  rt_memclr_w.o(.text)
    __rt_memclr_w                            0x08000579   Thumb Code    78  rt_memclr_w.o(.text)
    _memset_w                                0x0800057d   Thumb Code     0  rt_memclr_w.o(.text)
    __use_two_region_memory                  0x080005c7   Thumb Code     2  heapauxi.o(.text)
    __rt_heap_escrow                         0x080005c9   Thumb Code     2  heapauxi.o(.text)
    __rt_heap_expand                         0x080005cb   Thumb Code     2  heapauxi.o(.text)
    _printf_char_common                      0x080005d7   Thumb Code    32  _printf_char_common.o(.text)
    _sputc                                   0x080005fd   Thumb Code    10  _sputc.o(.text)
    _snputc                                  0x08000607   Thumb Code    16  _snputc.o(.text)
    _printf_cs_common                        0x08000617   Thumb Code    20  _printf_char.o(.text)
    _printf_char                             0x0800062b   Thumb Code    16  _printf_char.o(.text)
    _printf_string                           0x0800063b   Thumb Code     8  _printf_char.o(.text)
    __user_libspace                          0x08000645   Thumb Code     8  libspace.o(.text)
    __user_perproc_libspace                  0x08000645   Thumb Code     0  libspace.o(.text)
    __user_perthread_libspace                0x08000645   Thumb Code     0  libspace.o(.text)
    __I$use$semihosting                      0x0800064d   Thumb Code     0  use_no_semi.o(.text)
    __use_no_semihosting_swi                 0x0800064d   Thumb Code     2  use_no_semi.o(.text)
    __semihosting_library_function           0x0800064f   Thumb Code     0  indicate_semi.o(.text)
    __user_setup_stackheap                   0x0800064f   Thumb Code    74  sys_stackheap_outer.o(.text)
    exit                                     0x08000699   Thumb Code    18  exit.o(.text)
    _sys_exit                                0x080006ad   Thumb Code     8  sys_exit.o(.text)
    BusFault_Handler                         0x080006b9   Thumb Code     2  stm32f1xx_it.o(i.BusFault_Handler)
    DMA1_Channel5_IRQHandler                 0x080006bd   Thumb Code     6  stm32f1xx_it.o(i.DMA1_Channel5_IRQHandler)
    DebugMon_Handler                         0x080006f3   Thumb Code     2  stm32f1xx_it.o(i.DebugMon_Handler)
    Delay_Init                               0x080006f5   Thumb Code    24  delay.o(i.Delay_Init)
    ESP8266_Clear                            0x08000719   Thumb Code    18  esp8266.o(i.ESP8266_Clear)
    ESP8266_ConnectWiFi                      0x08000735   Thumb Code    38  esp8266.o(i.ESP8266_ConnectWiFi)
    ESP8266_SendCmd                          0x08000795   Thumb Code   168  esp8266.o(i.ESP8266_SendCmd)
    ESP8266_WaitRecive                       0x08000851   Thumb Code    32  esp8266.o(i.ESP8266_WaitRecive)
    Error_Handler                            0x08000875   Thumb Code     4  main.o(i.Error_Handler)
    HAL_DMA_Abort                            0x08000879   Thumb Code    70  stm32f1xx_hal_dma.o(i.HAL_DMA_Abort)
    HAL_DMA_Abort_IT                         0x080008c1   Thumb Code   148  stm32f1xx_hal_dma.o(i.HAL_DMA_Abort_IT)
    HAL_DMA_IRQHandler                       0x08000959   Thumb Code   316  stm32f1xx_hal_dma.o(i.HAL_DMA_IRQHandler)
    HAL_DMA_Init                             0x08000aad   Thumb Code    84  stm32f1xx_hal_dma.o(i.HAL_DMA_Init)
    HAL_DMA_Start_IT                         0x08000b09   Thumb Code   112  stm32f1xx_hal_dma.o(i.HAL_DMA_Start_IT)
    HAL_Delay                                0x08000b79   Thumb Code    32  stm32f1xx_hal.o(i.HAL_Delay)
    HAL_GPIO_Init                            0x08000b9d   Thumb Code   446  stm32f1xx_hal_gpio.o(i.HAL_GPIO_Init)
    HAL_GPIO_WritePin                        0x08000d7d   Thumb Code    10  stm32f1xx_hal_gpio.o(i.HAL_GPIO_WritePin)
    HAL_GetTick                              0x08000d89   Thumb Code     6  stm32f1xx_hal.o(i.HAL_GetTick)
    HAL_IncTick                              0x08000d95   Thumb Code    12  stm32f1xx_hal.o(i.HAL_IncTick)
    HAL_Init                                 0x08000da5   Thumb Code    32  stm32f1xx_hal.o(i.HAL_Init)
    HAL_InitTick                             0x08000dc9   Thumb Code    54  stm32f1xx_hal.o(i.HAL_InitTick)
    HAL_MspInit                              0x08000e09   Thumb Code    52  stm32f1xx_hal_msp.o(i.HAL_MspInit)
    HAL_NVIC_EnableIRQ                       0x08000e45   Thumb Code    26  stm32f1xx_hal_cortex.o(i.HAL_NVIC_EnableIRQ)
    HAL_NVIC_SetPriority                     0x08000e61   Thumb Code    60  stm32f1xx_hal_cortex.o(i.HAL_NVIC_SetPriority)
    HAL_NVIC_SetPriorityGrouping             0x08000ea1   Thumb Code    26  stm32f1xx_hal_cortex.o(i.HAL_NVIC_SetPriorityGrouping)
    HAL_RCC_ClockConfig                      0x08000ec5   Thumb Code   280  stm32f1xx_hal_rcc.o(i.HAL_RCC_ClockConfig)
    HAL_RCC_GetPCLK1Freq                     0x08000ff1   Thumb Code    20  stm32f1xx_hal_rcc.o(i.HAL_RCC_GetPCLK1Freq)
    HAL_RCC_GetPCLK2Freq                     0x08001011   Thumb Code    20  stm32f1xx_hal_rcc.o(i.HAL_RCC_GetPCLK2Freq)
    HAL_RCC_GetSysClockFreq                  0x08001031   Thumb Code    58  stm32f1xx_hal_rcc.o(i.HAL_RCC_GetSysClockFreq)
    HAL_RCC_OscConfig                        0x0800107d   Thumb Code   778  stm32f1xx_hal_rcc.o(i.HAL_RCC_OscConfig)
    HAL_SYSTICK_Config                       0x0800139d   Thumb Code    40  stm32f1xx_hal_cortex.o(i.HAL_SYSTICK_Config)
    HAL_TIMEx_BreakCallback                  0x080013c5   Thumb Code     2  stm32f1xx_hal_tim_ex.o(i.HAL_TIMEx_BreakCallback)
    HAL_TIMEx_CommutCallback                 0x080013c7   Thumb Code     2  stm32f1xx_hal_tim_ex.o(i.HAL_TIMEx_CommutCallback)
    HAL_TIMEx_MasterConfigSynchronization    0x080013c9   Thumb Code    92  stm32f1xx_hal_tim_ex.o(i.HAL_TIMEx_MasterConfigSynchronization)
    HAL_TIM_Base_Init                        0x08001431   Thumb Code    90  stm32f1xx_hal_tim.o(i.HAL_TIM_Base_Init)
    HAL_TIM_Base_MspInit                     0x0800148d   Thumb Code   108  tim.o(i.HAL_TIM_Base_MspInit)
    HAL_TIM_ConfigClockSource                0x08001505   Thumb Code   220  stm32f1xx_hal_tim.o(i.HAL_TIM_ConfigClockSource)
    HAL_TIM_IC_CaptureCallback               0x080015e1   Thumb Code    96  hc_sr04.o(i.HAL_TIM_IC_CaptureCallback)
    HAL_TIM_IC_ConfigChannel                 0x08001645   Thumb Code   292  stm32f1xx_hal_tim.o(i.HAL_TIM_IC_ConfigChannel)
    HAL_TIM_IC_Init                          0x08001769   Thumb Code    90  stm32f1xx_hal_tim.o(i.HAL_TIM_IC_Init)
    HAL_TIM_IC_MspInit                       0x080017c3   Thumb Code     2  stm32f1xx_hal_tim.o(i.HAL_TIM_IC_MspInit)
    HAL_TIM_IC_Start_IT                      0x080017c5   Thumb Code   216  stm32f1xx_hal_tim.o(i.HAL_TIM_IC_Start_IT)
    HAL_TIM_IRQHandler                       0x080018a9   Thumb Code   304  stm32f1xx_hal_tim.o(i.HAL_TIM_IRQHandler)
    HAL_TIM_OC_DelayElapsedCallback          0x080019d9   Thumb Code     2  stm32f1xx_hal_tim.o(i.HAL_TIM_OC_DelayElapsedCallback)
    HAL_TIM_PWM_PulseFinishedCallback        0x080019db   Thumb Code     2  stm32f1xx_hal_tim.o(i.HAL_TIM_PWM_PulseFinishedCallback)
    HAL_TIM_PeriodElapsedCallback            0x080019dd   Thumb Code     2  stm32f1xx_hal_tim.o(i.HAL_TIM_PeriodElapsedCallback)
    HAL_TIM_ReadCapturedValue                0x080019df   Thumb Code    42  stm32f1xx_hal_tim.o(i.HAL_TIM_ReadCapturedValue)
    HAL_TIM_TriggerCallback                  0x08001a09   Thumb Code     2  stm32f1xx_hal_tim.o(i.HAL_TIM_TriggerCallback)
    HAL_UARTEx_RxEventCallback               0x08001a0b   Thumb Code     2  stm32f1xx_hal_uart.o(i.HAL_UARTEx_RxEventCallback)
    HAL_UART_DMAStop                         0x08001a0d   Thumb Code   112  stm32f1xx_hal_uart.o(i.HAL_UART_DMAStop)
    HAL_UART_ErrorCallback                   0x08001a7d   Thumb Code     2  stm32f1xx_hal_uart.o(i.HAL_UART_ErrorCallback)
    HAL_UART_IRQHandler                      0x08001a81   Thumb Code   616  stm32f1xx_hal_uart.o(i.HAL_UART_IRQHandler)
    HAL_UART_Init                            0x08001ced   Thumb Code   100  stm32f1xx_hal_uart.o(i.HAL_UART_Init)
    HAL_UART_MspInit                         0x08001d51   Thumb Code   154  usart.o(i.HAL_UART_MspInit)
    HAL_UART_Receive_DMA                     0x08001e01   Thumb Code    28  stm32f1xx_hal_uart.o(i.HAL_UART_Receive_DMA)
    HAL_UART_RxCpltCallback                  0x08001e1d   Thumb Code    32  esp8266.o(i.HAL_UART_RxCpltCallback)
    HAL_UART_RxHalfCpltCallback              0x08001e49   Thumb Code     2  stm32f1xx_hal_uart.o(i.HAL_UART_RxHalfCpltCallback)
    HAL_UART_Transmit                        0x08001e4b   Thumb Code   160  stm32f1xx_hal_uart.o(i.HAL_UART_Transmit)
    HAL_UART_TxCpltCallback                  0x08001eeb   Thumb Code     2  stm32f1xx_hal_uart.o(i.HAL_UART_TxCpltCallback)
    HC_SR04_Init                             0x08001eed   Thumb Code     8  hc_sr04.o(i.HC_SR04_Init)
    HC_SR04_MeasureDistance                  0x08001ef9   Thumb Code   138  hc_sr04.o(i.HC_SR04_MeasureDistance)
    HardFault_Handler                        0x08001f99   Thumb Code     2  stm32f1xx_it.o(i.HardFault_Handler)
    I2C_Start                                0x08001f9d   Thumb Code    64  oled.o(i.I2C_Start)
    I2C_Stop                                 0x08001fe1   Thumb Code    46  oled.o(i.I2C_Stop)
    I2C_WaitAck                              0x08002015   Thumb Code    52  oled.o(i.I2C_WaitAck)
    IIC_delay                                0x0800204d   Thumb Code    10  oled.o(i.IIC_delay)
    MX_DMA_Init                              0x08002059   Thumb Code    40  dma.o(i.MX_DMA_Init)
    MX_GPIO_Init                             0x08002085   Thumb Code   156  gpio.o(i.MX_GPIO_Init)
    MX_TIM2_Init                             0x0800212d   Thumb Code   144  tim.o(i.MX_TIM2_Init)
    MX_USART1_UART_Init                      0x080021c1   Thumb Code    54  usart.o(i.MX_USART1_UART_Init)
    MemManage_Handler                        0x08002201   Thumb Code     2  stm32f1xx_it.o(i.MemManage_Handler)
    NMI_Handler                              0x08002203   Thumb Code     2  stm32f1xx_it.o(i.NMI_Handler)
    OLED_Clear                               0x08002205   Thumb Code    40  oled.o(i.OLED_Clear)
    OLED_DrawPoint                           0x08002231   Thumb Code    40  oled.o(i.OLED_DrawPoint)
    OLED_Init                                0x0800225d   Thumb Code   218  oled.o(i.OLED_Init)
    OLED_Pow                                 0x08002337   Thumb Code    16  oled.o(i.OLED_Pow)
    OLED_Refresh                             0x08002349   Thumb Code   100  oled.o(i.OLED_Refresh)
    OLED_ShowChar                            0x080023b1   Thumb Code   212  oled.o(i.OLED_ShowChar)
    OLED_ShowNum                             0x08002495   Thumb Code   110  oled.o(i.OLED_ShowNum)
    OLED_ShowString                          0x08002503   Thumb Code    60  oled.o(i.OLED_ShowString)
    OLED_WR_Byte                             0x0800253f   Thumb Code    54  oled.o(i.OLED_WR_Byte)
    PendSV_Handler                           0x08002575   Thumb Code     2  stm32f1xx_it.o(i.PendSV_Handler)
    SVC_Handler                              0x08002577   Thumb Code     2  stm32f1xx_it.o(i.SVC_Handler)
    Send_Byte                                0x08002579   Thumb Code    78  oled.o(i.Send_Byte)
    SysTick_Handler                          0x080025cd   Thumb Code     4  stm32f1xx_it.o(i.SysTick_Handler)
    SystemClock_Config                       0x080025d1   Thumb Code    94  main.o(i.SystemClock_Config)
    SystemInit                               0x0800262f   Thumb Code     2  system_stm32f1xx.o(i.SystemInit)
    TIM2_IRQHandler                          0x08002631   Thumb Code     6  stm32f1xx_it.o(i.TIM2_IRQHandler)
    TIM_Base_SetConfig                       0x0800263d   Thumb Code   108  stm32f1xx_hal_tim.o(i.TIM_Base_SetConfig)
    TIM_CCxChannelCmd                        0x080026b5   Thumb Code    26  stm32f1xx_hal_tim.o(i.TIM_CCxChannelCmd)
    TIM_ETR_SetConfig                        0x080026cf   Thumb Code    20  stm32f1xx_hal_tim.o(i.TIM_ETR_SetConfig)
    TIM_TI1_SetConfig                        0x08002715   Thumb Code    76  stm32f1xx_hal_tim.o(i.TIM_TI1_SetConfig)
    UART_Start_Receive_DMA                   0x08002aa9   Thumb Code   130  stm32f1xx_hal_uart.o(i.UART_Start_Receive_DMA)
    USART1_IRQHandler                        0x08002bad   Thumb Code    70  stm32f1xx_it.o(i.USART1_IRQHandler)
    UsageFault_Handler                       0x08002c01   Thumb Code     2  stm32f1xx_it.o(i.UsageFault_Handler)
    _is_digit                                0x08002c23   Thumb Code    14  __printf_wp.o(i._is_digit)
    delay_ms                                 0x08002c31   Thumb Code    26  delay.o(i.delay_ms)
    delay_us                                 0x08002c4d   Thumb Code    46  delay.o(i.delay_us)
    main                                     0x08002c81   Thumb Code   212  main.o(i.main)
    __aeabi_d2f                              0x08002d6d   Thumb Code     0  d2f.o(x$fpl$d2f)
    _d2f                                     0x08002d6d   Thumb Code    98  d2f.o(x$fpl$d2f)
    __aeabi_ddiv                             0x08002dd1   Thumb Code     0  ddiv.o(x$fpl$ddiv)
    _ddiv                                    0x08002dd1   Thumb Code   552  ddiv.o(x$fpl$ddiv)
    __aeabi_ui2d                             0x08003081   Thumb Code     0  dflt_clz.o(x$fpl$dfltu)
    _dfltu                                   0x08003081   Thumb Code    38  dflt_clz.o(x$fpl$dfltu)
    __aeabi_dmul                             0x080030a9   Thumb Code     0  dmul.o(x$fpl$dmul)
    _dmul                                    0x080030a9   Thumb Code   332  dmul.o(x$fpl$dmul)
    __fpl_dnaninf                            0x080031fd   Thumb Code   156  dnaninf.o(x$fpl$dnaninf)
    __fpl_dretinf                            0x08003299   Thumb Code    12  dretinf.o(x$fpl$dretinf)
    __aeabi_fadd                             0x080032a5   Thumb Code     0  faddsub_clz.o(x$fpl$fadd)
    _fadd                                    0x080032a5   Thumb Code   196  faddsub_clz.o(x$fpl$fadd)
    __aeabi_f2uiz                            0x08003369   Thumb Code     0  ffixu.o(x$fpl$ffixu)
    _ffixu                                   0x08003369   Thumb Code    62  ffixu.o(x$fpl$ffixu)
    __aeabi_ui2f                             0x080033a9   Thumb Code     0  fflt_clz.o(x$fpl$ffltu)
    _ffltu                                   0x080033a9   Thumb Code    38  fflt_clz.o(x$fpl$ffltu)
    __aeabi_fmul                             0x080033d1   Thumb Code     0  fmul.o(x$fpl$fmul)
    _fmul                                    0x080033d1   Thumb Code   258  fmul.o(x$fpl$fmul)
    __fpl_fnaninf                            0x080034d3   Thumb Code   140  fnaninf.o(x$fpl$fnaninf)
    __fpl_fretinf                            0x0800355f   Thumb Code    10  fretinf.o(x$fpl$fretinf)
    __aeabi_frsub                            0x08003569   Thumb Code     0  faddsub_clz.o(x$fpl$frsb)
    _frsb                                    0x08003569   Thumb Code    20  faddsub_clz.o(x$fpl$frsb)
    __aeabi_fsub                             0x0800357d   Thumb Code     0  faddsub_clz.o(x$fpl$fsub)
    _fsub                                    0x0800357d   Thumb Code   234  faddsub_clz.o(x$fpl$fsub)
    __I$use$fp                               0x08003666   Number         0  usenofp.o(x$fpl$usenofp)
    AHBPrescTable                            0x08003678   Data          16  system_stm32f1xx.o(.constdata)
    APBPrescTable                            0x08003688   Data           8  system_stm32f1xx.o(.constdata)
    asc2_0806                                0x08003690   Data         552  oled.o(.constdata)
    asc2_1206                                0x080038b8   Data        1140  oled.o(.constdata)
    asc2_1608                                0x08003d2c   Data        1520  oled.o(.constdata)
    asc2_2412                                0x0800431c   Data        3420  oled.o(.constdata)
    Region$$Table$$Base                      0x0800508c   Number         0  anon$$obj.o(Region$$Table)
    Region$$Table$$Limit                     0x080050ac   Number         0  anon$$obj.o(Region$$Table)
    uwTickFreq                               0x20000000   Data           1  stm32f1xx_hal.o(.data)
    uwTickPrio                               0x20000004   Data           4  stm32f1xx_hal.o(.data)
    uwTick                                   0x20000008   Data           4  stm32f1xx_hal.o(.data)
    SystemCoreClock                          0x2000000c   Data           4  system_stm32f1xx.o(.data)
    g_echo_flag                              0x20000010   Data           1  hc_sr04.o(.data)
    g_echo_start                             0x20000014   Data           4  hc_sr04.o(.data)
    g_echo_end                               0x20000018   Data           4  hc_sr04.o(.data)
    esp8266_cnt                              0x20000024   Data           2  esp8266.o(.data)
    esp8266_cntPre                           0x20000026   Data           2  esp8266.o(.data)
    htim2                                    0x20000028   Data          72  tim.o(.bss)
    huart1                                   0x20000070   Data          72  usart.o(.bss)
    hdma_usart1_rx                           0x200000b8   Data          68  usart.o(.bss)
    OLED_GRAM                                0x200000fc   Data        1152  oled.o(.bss)
    esp8266_buf                              0x2000057c   Data         128  esp8266.o(.bss)
    __libspace_start                         0x200005fc   Data          96  libspace.o(.bss)
    __temporary_stack_top$libspace           0x2000065c   Data           0  libspace.o(.bss)



==============================================================================

Memory Map of the image

  Image Entry point : 0x080000ed

  Load Region LR_IROM1 (Base: 0x08000000, Size: 0x000050d4, Max: 0x00010000, ABSOLUTE)

    Execution Region ER_IROM1 (Exec base: 0x08000000, Load base: 0x08000000, Size: 0x000050ac, Max: 0x00010000, ABSOLUTE)

    Exec Addr    Load Addr    Size         Type   Attr      Idx    E Section Name        Object

    0x08000000   0x08000000   0x000000ec   Data   RO            3    RESET               startup_stm32f103xb.o
    0x080000ec   0x080000ec   0x00000008   Code   RO         3979  * !!!main             c_w.l(__main.o)
    0x080000f4   0x080000f4   0x00000034   Code   RO         4396    !!!scatter          c_w.l(__scatter.o)
    0x08000128   0x08000128   0x0000001a   Code   RO         4398    !!handler_copy      c_w.l(__scatter_copy.o)
    0x08000142   0x08000142   0x00000002   PAD
    0x08000144   0x08000144   0x0000001c   Code   RO         4400    !!handler_zi        c_w.l(__scatter_zi.o)
    0x08000160   0x08000160   0x00000000   Code   RO         3952    .ARM.Collect$$_printf_percent$$00000000  c_w.l(_printf_percent.o)
    0x08000160   0x08000160   0x00000006   Code   RO         3946    .ARM.Collect$$_printf_percent$$00000014  c_w.l(_printf_s.o)
    0x08000166   0x08000166   0x00000004   Code   RO         4088    .ARM.Collect$$_printf_percent$$00000017  c_w.l(_printf_percent_end.o)
    0x0800016a   0x0800016a   0x00000002   Code   RO         4300    .ARM.Collect$$libinit$$00000000  c_w.l(libinit.o)
    0x0800016c   0x0800016c   0x00000000   Code   RO         4102    .ARM.Collect$$libinit$$00000002  c_w.l(libinit2.o)
    0x0800016c   0x0800016c   0x00000000   Code   RO         4104    .ARM.Collect$$libinit$$00000004  c_w.l(libinit2.o)
    0x0800016c   0x0800016c   0x00000000   Code   RO         4107    .ARM.Collect$$libinit$$0000000A  c_w.l(libinit2.o)
    0x0800016c   0x0800016c   0x00000000   Code   RO         4109    .ARM.Collect$$libinit$$0000000C  c_w.l(libinit2.o)
    0x0800016c   0x0800016c   0x00000000   Code   RO         4111    .ARM.Collect$$libinit$$0000000E  c_w.l(libinit2.o)
    0x0800016c   0x0800016c   0x00000000   Code   RO         4114    .ARM.Collect$$libinit$$00000011  c_w.l(libinit2.o)
    0x0800016c   0x0800016c   0x00000000   Code   RO         4116    .ARM.Collect$$libinit$$00000013  c_w.l(libinit2.o)
    0x0800016c   0x0800016c   0x00000000   Code   RO         4118    .ARM.Collect$$libinit$$00000015  c_w.l(libinit2.o)
    0x0800016c   0x0800016c   0x00000000   Code   RO         4120    .ARM.Collect$$libinit$$00000017  c_w.l(libinit2.o)
    0x0800016c   0x0800016c   0x00000000   Code   RO         4122    .ARM.Collect$$libinit$$00000019  c_w.l(libinit2.o)
    0x0800016c   0x0800016c   0x00000000   Code   RO         4124    .ARM.Collect$$libinit$$0000001B  c_w.l(libinit2.o)
    0x0800016c   0x0800016c   0x00000000   Code   RO         4126    .ARM.Collect$$libinit$$0000001D  c_w.l(libinit2.o)
    0x0800016c   0x0800016c   0x00000000   Code   RO         4128    .ARM.Collect$$libinit$$0000001F  c_w.l(libinit2.o)
    0x0800016c   0x0800016c   0x00000000   Code   RO         4130    .ARM.Collect$$libinit$$00000021  c_w.l(libinit2.o)
    0x0800016c   0x0800016c   0x00000000   Code   RO         4132    .ARM.Collect$$libinit$$00000023  c_w.l(libinit2.o)
    0x0800016c   0x0800016c   0x00000000   Code   RO         4134    .ARM.Collect$$libinit$$00000025  c_w.l(libinit2.o)
    0x0800016c   0x0800016c   0x00000000   Code   RO         4138    .ARM.Collect$$libinit$$0000002C  c_w.l(libinit2.o)
    0x0800016c   0x0800016c   0x00000000   Code   RO         4140    .ARM.Collect$$libinit$$0000002E  c_w.l(libinit2.o)
    0x0800016c   0x0800016c   0x00000000   Code   RO         4142    .ARM.Collect$$libinit$$00000030  c_w.l(libinit2.o)
    0x0800016c   0x0800016c   0x00000000   Code   RO         4144    .ARM.Collect$$libinit$$00000032  c_w.l(libinit2.o)
    0x0800016c   0x0800016c   0x00000002   Code   RO         4145    .ARM.Collect$$libinit$$00000033  c_w.l(libinit2.o)
    0x0800016e   0x0800016e   0x00000002   Code   RO         4393    .ARM.Collect$$libshutdown$$00000000  c_w.l(libshutdown.o)
    0x08000170   0x08000170   0x00000000   Code   RO         4322    .ARM.Collect$$libshutdown$$00000002  c_w.l(libshutdown2.o)
    0x08000170   0x08000170   0x00000000   Code   RO         4324    .ARM.Collect$$libshutdown$$00000004  c_w.l(libshutdown2.o)
    0x08000170   0x08000170   0x00000000   Code   RO         4327    .ARM.Collect$$libshutdown$$00000007  c_w.l(libshutdown2.o)
    0x08000170   0x08000170   0x00000000   Code   RO         4330    .ARM.Collect$$libshutdown$$0000000A  c_w.l(libshutdown2.o)
    0x08000170   0x08000170   0x00000000   Code   RO         4332    .ARM.Collect$$libshutdown$$0000000C  c_w.l(libshutdown2.o)
    0x08000170   0x08000170   0x00000000   Code   RO         4335    .ARM.Collect$$libshutdown$$0000000F  c_w.l(libshutdown2.o)
    0x08000170   0x08000170   0x00000002   Code   RO         4336    .ARM.Collect$$libshutdown$$00000010  c_w.l(libshutdown2.o)
    0x08000172   0x08000172   0x00000000   Code   RO         4043    .ARM.Collect$$rtentry$$00000000  c_w.l(__rtentry.o)
    0x08000172   0x08000172   0x00000000   Code   RO         4165    .ARM.Collect$$rtentry$$00000002  c_w.l(__rtentry2.o)
    0x08000172   0x08000172   0x00000006   Code   RO         4177    .ARM.Collect$$rtentry$$00000004  c_w.l(__rtentry4.o)
    0x08000178   0x08000178   0x00000000   Code   RO         4167    .ARM.Collect$$rtentry$$00000009  c_w.l(__rtentry2.o)
    0x08000178   0x08000178   0x00000004   Code   RO         4168    .ARM.Collect$$rtentry$$0000000A  c_w.l(__rtentry2.o)
    0x0800017c   0x0800017c   0x00000000   Code   RO         4170    .ARM.Collect$$rtentry$$0000000C  c_w.l(__rtentry2.o)
    0x0800017c   0x0800017c   0x00000008   Code   RO         4171    .ARM.Collect$$rtentry$$0000000D  c_w.l(__rtentry2.o)
    0x08000184   0x08000184   0x00000002   Code   RO         4309    .ARM.Collect$$rtexit$$00000000  c_w.l(rtexit.o)
    0x08000186   0x08000186   0x00000000   Code   RO         4352    .ARM.Collect$$rtexit$$00000002  c_w.l(rtexit2.o)
    0x08000186   0x08000186   0x00000004   Code   RO         4353    .ARM.Collect$$rtexit$$00000003  c_w.l(rtexit2.o)
    0x0800018a   0x0800018a   0x00000006   Code   RO         4354    .ARM.Collect$$rtexit$$00000004  c_w.l(rtexit2.o)
    0x08000190   0x08000190   0x00000040   Code   RO            4    .text               startup_stm32f103xb.o
    0x080001d0   0x080001d0   0x00000038   Code   RO         3891    .text               c_w.l(__2snprintf.o)
    0x08000208   0x08000208   0x00000052   Code   RO         3901    .text               c_w.l(_printf_str.o)
    0x0800025a   0x0800025a   0x00000002   PAD
    0x0800025c   0x0800025c   0x00000188   Code   RO         3943    .text               c_w.l(__printf_flags_ss_wp.o)
    0x080003e4   0x080003e4   0x00000024   Code   RO         3959    .text               c_w.l(strstr.o)
    0x08000408   0x08000408   0x0000003e   Code   RO         3963    .text               c_w.l(strlen.o)
    0x08000446   0x08000446   0x0000008a   Code   RO         3967    .text               c_w.l(rt_memcpy_v6.o)
    0x080004d0   0x080004d0   0x00000064   Code   RO         3969    .text               c_w.l(rt_memcpy_w.o)
    0x08000534   0x08000534   0x00000044   Code   RO         3971    .text               c_w.l(rt_memclr.o)
    0x08000578   0x08000578   0x0000004e   Code   RO         3973    .text               c_w.l(rt_memclr_w.o)
    0x080005c6   0x080005c6   0x00000006   Code   RO         3977    .text               c_w.l(heapauxi.o)
    0x080005cc   0x080005cc   0x00000030   Code   RO         4080    .text               c_w.l(_printf_char_common.o)
    0x080005fc   0x080005fc   0x0000000a   Code   RO         4082    .text               c_w.l(_sputc.o)
    0x08000606   0x08000606   0x00000010   Code   RO         4084    .text               c_w.l(_snputc.o)
    0x08000616   0x08000616   0x0000002c   Code   RO         4086    .text               c_w.l(_printf_char.o)
    0x08000642   0x08000642   0x00000002   PAD
    0x08000644   0x08000644   0x00000008   Code   RO         4161    .text               c_w.l(libspace.o)
    0x0800064c   0x0800064c   0x00000002   Code   RO         4268    .text               c_w.l(use_no_semi.o)
    0x0800064e   0x0800064e   0x00000000   Code   RO         4270    .text               c_w.l(indicate_semi.o)
    0x0800064e   0x0800064e   0x0000004a   Code   RO         4271    .text               c_w.l(sys_stackheap_outer.o)
    0x08000698   0x08000698   0x00000012   Code   RO         4285    .text               c_w.l(exit.o)
    0x080006aa   0x080006aa   0x00000002   PAD
    0x080006ac   0x080006ac   0x0000000c   Code   RO         4307    .text               c_w.l(sys_exit.o)
    0x080006b8   0x080006b8   0x00000002   Code   RO          302    i.BusFault_Handler  stm32f1xx_it.o
    0x080006ba   0x080006ba   0x00000002   PAD
    0x080006bc   0x080006bc   0x0000000c   Code   RO          303    i.DMA1_Channel5_IRQHandler  stm32f1xx_it.o
    0x080006c8   0x080006c8   0x0000002a   Code   RO         1809    i.DMA_SetConfig     stm32f1xx_hal_dma.o
    0x080006f2   0x080006f2   0x00000002   Code   RO          304    i.DebugMon_Handler  stm32f1xx_it.o
    0x080006f4   0x080006f4   0x00000024   Code   RO         3626    i.Delay_Init        delay.o
    0x08000718   0x08000718   0x0000001c   Code   RO         3667    i.ESP8266_Clear     esp8266.o
    0x08000734   0x08000734   0x00000060   Code   RO         3669    i.ESP8266_ConnectWiFi  esp8266.o
    0x08000794   0x08000794   0x000000bc   Code   RO         3674    i.ESP8266_SendCmd   esp8266.o
    0x08000850   0x08000850   0x00000024   Code   RO         3676    i.ESP8266_WaitRecive  esp8266.o
    0x08000874   0x08000874   0x00000004   Code   RO           13    i.Error_Handler     main.o
    0x08000878   0x08000878   0x00000046   Code   RO         1810    i.HAL_DMA_Abort     stm32f1xx_hal_dma.o
    0x080008be   0x080008be   0x00000002   PAD
    0x080008c0   0x080008c0   0x00000098   Code   RO         1811    i.HAL_DMA_Abort_IT  stm32f1xx_hal_dma.o
    0x08000958   0x08000958   0x00000154   Code   RO         1815    i.HAL_DMA_IRQHandler  stm32f1xx_hal_dma.o
    0x08000aac   0x08000aac   0x0000005c   Code   RO         1816    i.HAL_DMA_Init      stm32f1xx_hal_dma.o
    0x08000b08   0x08000b08   0x00000070   Code   RO         1820    i.HAL_DMA_Start_IT  stm32f1xx_hal_dma.o
    0x08000b78   0x08000b78   0x00000024   Code   RO         1436    i.HAL_Delay         stm32f1xx_hal.o
    0x08000b9c   0x08000b9c   0x000001e0   Code   RO         1746    i.HAL_GPIO_Init     stm32f1xx_hal_gpio.o
    0x08000d7c   0x08000d7c   0x0000000a   Code   RO         1750    i.HAL_GPIO_WritePin  stm32f1xx_hal_gpio.o
    0x08000d86   0x08000d86   0x00000002   PAD
    0x08000d88   0x08000d88   0x0000000c   Code   RO         1440    i.HAL_GetTick       stm32f1xx_hal.o
    0x08000d94   0x08000d94   0x00000010   Code   RO         1446    i.HAL_IncTick       stm32f1xx_hal.o
    0x08000da4   0x08000da4   0x00000024   Code   RO         1447    i.HAL_Init          stm32f1xx_hal.o
    0x08000dc8   0x08000dc8   0x00000040   Code   RO         1448    i.HAL_InitTick      stm32f1xx_hal.o
    0x08000e08   0x08000e08   0x0000003c   Code   RO          396    i.HAL_MspInit       stm32f1xx_hal_msp.o
    0x08000e44   0x08000e44   0x0000001a   Code   RO         1906    i.HAL_NVIC_EnableIRQ  stm32f1xx_hal_cortex.o
    0x08000e5e   0x08000e5e   0x00000002   PAD
    0x08000e60   0x08000e60   0x00000040   Code   RO         1912    i.HAL_NVIC_SetPriority  stm32f1xx_hal_cortex.o
    0x08000ea0   0x08000ea0   0x00000024   Code   RO         1913    i.HAL_NVIC_SetPriorityGrouping  stm32f1xx_hal_cortex.o
    0x08000ec4   0x08000ec4   0x0000012c   Code   RO         1604    i.HAL_RCC_ClockConfig  stm32f1xx_hal_rcc.o
    0x08000ff0   0x08000ff0   0x00000020   Code   RO         1611    i.HAL_RCC_GetPCLK1Freq  stm32f1xx_hal_rcc.o
    0x08001010   0x08001010   0x00000020   Code   RO         1612    i.HAL_RCC_GetPCLK2Freq  stm32f1xx_hal_rcc.o
    0x08001030   0x08001030   0x0000004c   Code   RO         1613    i.HAL_RCC_GetSysClockFreq  stm32f1xx_hal_rcc.o
    0x0800107c   0x0800107c   0x00000320   Code   RO         1616    i.HAL_RCC_OscConfig  stm32f1xx_hal_rcc.o
    0x0800139c   0x0800139c   0x00000028   Code   RO         1917    i.HAL_SYSTICK_Config  stm32f1xx_hal_cortex.o
    0x080013c4   0x080013c4   0x00000002   Code   RO         1162    i.HAL_TIMEx_BreakCallback  stm32f1xx_hal_tim_ex.o
    0x080013c6   0x080013c6   0x00000002   Code   RO         1163    i.HAL_TIMEx_CommutCallback  stm32f1xx_hal_tim_ex.o
    0x080013c8   0x080013c8   0x00000068   Code   RO         1181    i.HAL_TIMEx_MasterConfigSynchronization  stm32f1xx_hal_tim_ex.o
    0x08001430   0x08001430   0x0000005a   Code   RO          458    i.HAL_TIM_Base_Init  stm32f1xx_hal_tim.o
    0x0800148a   0x0800148a   0x00000002   PAD
    0x0800148c   0x0800148c   0x00000078   Code   RO          219    i.HAL_TIM_Base_MspInit  tim.o
    0x08001504   0x08001504   0x000000dc   Code   RO          467    i.HAL_TIM_ConfigClockSource  stm32f1xx_hal_tim.o
    0x080015e0   0x080015e0   0x00000064   Code   RO         2962    i.HAL_TIM_IC_CaptureCallback  hc_sr04.o
    0x08001644   0x08001644   0x00000124   Code   RO          494    i.HAL_TIM_IC_ConfigChannel  stm32f1xx_hal_tim.o
    0x08001768   0x08001768   0x0000005a   Code   RO          497    i.HAL_TIM_IC_Init   stm32f1xx_hal_tim.o
    0x080017c2   0x080017c2   0x00000002   Code   RO          499    i.HAL_TIM_IC_MspInit  stm32f1xx_hal_tim.o
    0x080017c4   0x080017c4   0x000000e4   Code   RO          502    i.HAL_TIM_IC_Start_IT  stm32f1xx_hal_tim.o
    0x080018a8   0x080018a8   0x00000130   Code   RO          506    i.HAL_TIM_IRQHandler  stm32f1xx_hal_tim.o
    0x080019d8   0x080019d8   0x00000002   Code   RO          509    i.HAL_TIM_OC_DelayElapsedCallback  stm32f1xx_hal_tim.o
    0x080019da   0x080019da   0x00000002   Code   RO          536    i.HAL_TIM_PWM_PulseFinishedCallback  stm32f1xx_hal_tim.o
    0x080019dc   0x080019dc   0x00000002   Code   RO          544    i.HAL_TIM_PeriodElapsedCallback  stm32f1xx_hal_tim.o
    0x080019de   0x080019de   0x0000002a   Code   RO          546    i.HAL_TIM_ReadCapturedValue  stm32f1xx_hal_tim.o
    0x08001a08   0x08001a08   0x00000002   Code   RO          549    i.HAL_TIM_TriggerCallback  stm32f1xx_hal_tim.o
    0x08001a0a   0x08001a0a   0x00000002   Code   RO         2418    i.HAL_UARTEx_RxEventCallback  stm32f1xx_hal_uart.o
    0x08001a0c   0x08001a0c   0x00000070   Code   RO         2430    i.HAL_UART_DMAStop  stm32f1xx_hal_uart.o
    0x08001a7c   0x08001a7c   0x00000002   Code   RO         2432    i.HAL_UART_ErrorCallback  stm32f1xx_hal_uart.o
    0x08001a7e   0x08001a7e   0x00000002   PAD
    0x08001a80   0x08001a80   0x0000026c   Code   RO         2435    i.HAL_UART_IRQHandler  stm32f1xx_hal_uart.o
    0x08001cec   0x08001cec   0x00000064   Code   RO         2436    i.HAL_UART_Init     stm32f1xx_hal_uart.o
    0x08001d50   0x08001d50   0x000000b0   Code   RO          261    i.HAL_UART_MspInit  usart.o
    0x08001e00   0x08001e00   0x0000001c   Code   RO         2440    i.HAL_UART_Receive_DMA  stm32f1xx_hal_uart.o
    0x08001e1c   0x08001e1c   0x0000002c   Code   RO         3677    i.HAL_UART_RxCpltCallback  esp8266.o
    0x08001e48   0x08001e48   0x00000002   Code   RO         2443    i.HAL_UART_RxHalfCpltCallback  stm32f1xx_hal_uart.o
    0x08001e4a   0x08001e4a   0x000000a0   Code   RO         2444    i.HAL_UART_Transmit  stm32f1xx_hal_uart.o
    0x08001eea   0x08001eea   0x00000002   Code   RO         2447    i.HAL_UART_TxCpltCallback  stm32f1xx_hal_uart.o
    0x08001eec   0x08001eec   0x0000000c   Code   RO         2963    i.HC_SR04_Init      hc_sr04.o
    0x08001ef8   0x08001ef8   0x000000a0   Code   RO         2964    i.HC_SR04_MeasureDistance  hc_sr04.o
    0x08001f98   0x08001f98   0x00000002   Code   RO          305    i.HardFault_Handler  stm32f1xx_it.o
    0x08001f9a   0x08001f9a   0x00000002   PAD
    0x08001f9c   0x08001f9c   0x00000044   Code   RO         2807    i.I2C_Start         oled.o
    0x08001fe0   0x08001fe0   0x00000034   Code   RO         2808    i.I2C_Stop          oled.o
    0x08002014   0x08002014   0x00000038   Code   RO         2809    i.I2C_WaitAck       oled.o
    0x0800204c   0x0800204c   0x0000000a   Code   RO         2810    i.IIC_delay         oled.o
    0x08002056   0x08002056   0x00000002   PAD
    0x08002058   0x08002058   0x0000002c   Code   RO          194    i.MX_DMA_Init       dma.o
    0x08002084   0x08002084   0x000000a8   Code   RO          170    i.MX_GPIO_Init      gpio.o
    0x0800212c   0x0800212c   0x00000094   Code   RO          220    i.MX_TIM2_Init      tim.o
    0x080021c0   0x080021c0   0x00000040   Code   RO          262    i.MX_USART1_UART_Init  usart.o
    0x08002200   0x08002200   0x00000002   Code   RO          306    i.MemManage_Handler  stm32f1xx_it.o
    0x08002202   0x08002202   0x00000002   Code   RO          307    i.NMI_Handler       stm32f1xx_it.o
    0x08002204   0x08002204   0x0000002c   Code   RO         2811    i.OLED_Clear        oled.o
    0x08002230   0x08002230   0x0000002c   Code   RO         2818    i.OLED_DrawPoint    oled.o
    0x0800225c   0x0800225c   0x000000da   Code   RO         2819    i.OLED_Init         oled.o
    0x08002336   0x08002336   0x00000010   Code   RO         2820    i.OLED_Pow          oled.o
    0x08002346   0x08002346   0x00000002   PAD
    0x08002348   0x08002348   0x00000068   Code   RO         2821    i.OLED_Refresh      oled.o
    0x080023b0   0x080023b0   0x000000e4   Code   RO         2822    i.OLED_ShowChar     oled.o
    0x08002494   0x08002494   0x0000006e   Code   RO         2823    i.OLED_ShowNum      oled.o
    0x08002502   0x08002502   0x0000003c   Code   RO         2825    i.OLED_ShowString   oled.o
    0x0800253e   0x0800253e   0x00000036   Code   RO         2826    i.OLED_WR_Byte      oled.o
    0x08002574   0x08002574   0x00000002   Code   RO          308    i.PendSV_Handler    stm32f1xx_it.o
    0x08002576   0x08002576   0x00000002   Code   RO          309    i.SVC_Handler       stm32f1xx_it.o
    0x08002578   0x08002578   0x00000054   Code   RO         2827    i.Send_Byte         oled.o
    0x080025cc   0x080025cc   0x00000004   Code   RO          310    i.SysTick_Handler   stm32f1xx_it.o
    0x080025d0   0x080025d0   0x0000005e   Code   RO           14    i.SystemClock_Config  main.o
    0x0800262e   0x0800262e   0x00000002   Code   RO         2770    i.SystemInit        system_stm32f1xx.o
    0x08002630   0x08002630   0x0000000c   Code   RO          311    i.TIM2_IRQHandler   stm32f1xx_it.o
    0x0800263c   0x0800263c   0x00000078   Code   RO          551    i.TIM_Base_SetConfig  stm32f1xx_hal_tim.o
    0x080026b4   0x080026b4   0x0000001a   Code   RO          552    i.TIM_CCxChannelCmd  stm32f1xx_hal_tim.o
    0x080026ce   0x080026ce   0x00000014   Code   RO          562    i.TIM_ETR_SetConfig  stm32f1xx_hal_tim.o
    0x080026e2   0x080026e2   0x00000010   Code   RO          563    i.TIM_ITRx_SetConfig  stm32f1xx_hal_tim.o
    0x080026f2   0x080026f2   0x00000022   Code   RO          569    i.TIM_TI1_ConfigInputStage  stm32f1xx_hal_tim.o
    0x08002714   0x08002714   0x00000058   Code   RO          570    i.TIM_TI1_SetConfig  stm32f1xx_hal_tim.o
    0x0800276c   0x0800276c   0x00000024   Code   RO          571    i.TIM_TI2_ConfigInputStage  stm32f1xx_hal_tim.o
    0x08002790   0x08002790   0x00000036   Code   RO          572    i.TIM_TI2_SetConfig  stm32f1xx_hal_tim.o
    0x080027c6   0x080027c6   0x00000010   Code   RO         2449    i.UART_DMAAbortOnError  stm32f1xx_hal_uart.o
    0x080027d6   0x080027d6   0x0000004a   Code   RO         2450    i.UART_DMAError     stm32f1xx_hal_uart.o
    0x08002820   0x08002820   0x00000086   Code   RO         2451    i.UART_DMAReceiveCplt  stm32f1xx_hal_uart.o
    0x080028a6   0x080028a6   0x0000001e   Code   RO         2453    i.UART_DMARxHalfCplt  stm32f1xx_hal_uart.o
    0x080028c4   0x080028c4   0x0000004e   Code   RO         2459    i.UART_EndRxTransfer  stm32f1xx_hal_uart.o
    0x08002912   0x08002912   0x0000001c   Code   RO         2460    i.UART_EndTxTransfer  stm32f1xx_hal_uart.o
    0x0800292e   0x0800292e   0x000000c2   Code   RO         2461    i.UART_Receive_IT   stm32f1xx_hal_uart.o
    0x080029f0   0x080029f0   0x000000b8   Code   RO         2462    i.UART_SetConfig    stm32f1xx_hal_uart.o
    0x08002aa8   0x08002aa8   0x00000090   Code   RO         2463    i.UART_Start_Receive_DMA  stm32f1xx_hal_uart.o
    0x08002b38   0x08002b38   0x00000072   Code   RO         2465    i.UART_WaitOnFlagUntilTimeout  stm32f1xx_hal_uart.o
    0x08002baa   0x08002baa   0x00000002   PAD
    0x08002bac   0x08002bac   0x00000054   Code   RO          312    i.USART1_IRQHandler  stm32f1xx_it.o
    0x08002c00   0x08002c00   0x00000002   Code   RO          313    i.UsageFault_Handler  stm32f1xx_it.o
    0x08002c02   0x08002c02   0x00000020   Code   RO         1919    i.__NVIC_SetPriority  stm32f1xx_hal_cortex.o
    0x08002c22   0x08002c22   0x0000000e   Code   RO         3936    i._is_digit         c_w.l(__printf_wp.o)
    0x08002c30   0x08002c30   0x0000001a   Code   RO         3627    i.delay_ms          delay.o
    0x08002c4a   0x08002c4a   0x00000002   PAD
    0x08002c4c   0x08002c4c   0x00000034   Code   RO         3628    i.delay_us          delay.o
    0x08002c80   0x08002c80   0x000000ec   Code   RO           15    i.main              main.o
    0x08002d6c   0x08002d6c   0x00000062   Code   RO         3981    x$fpl$d2f           fz_ws.l(d2f.o)
    0x08002dce   0x08002dce   0x00000002   PAD
    0x08002dd0   0x08002dd0   0x000002b0   Code   RO         3990    x$fpl$ddiv          fz_ws.l(ddiv.o)
    0x08003080   0x08003080   0x00000026   Code   RO         3999    x$fpl$dfltu         fz_ws.l(dflt_clz.o)
    0x080030a6   0x080030a6   0x00000002   PAD
    0x080030a8   0x080030a8   0x00000154   Code   RO         4007    x$fpl$dmul          fz_ws.l(dmul.o)
    0x080031fc   0x080031fc   0x0000009c   Code   RO         4150    x$fpl$dnaninf       fz_ws.l(dnaninf.o)
    0x08003298   0x08003298   0x0000000c   Code   RO         4152    x$fpl$dretinf       fz_ws.l(dretinf.o)
    0x080032a4   0x080032a4   0x000000c4   Code   RO         4013    x$fpl$fadd          fz_ws.l(faddsub_clz.o)
    0x08003368   0x08003368   0x0000003e   Code   RO         4019    x$fpl$ffixu         fz_ws.l(ffixu.o)
    0x080033a6   0x080033a6   0x00000002   PAD
    0x080033a8   0x080033a8   0x00000026   Code   RO         4023    x$fpl$ffltu         fz_ws.l(fflt_clz.o)
    0x080033ce   0x080033ce   0x00000002   PAD
    0x080033d0   0x080033d0   0x00000102   Code   RO         4029    x$fpl$fmul          fz_ws.l(fmul.o)
    0x080034d2   0x080034d2   0x0000008c   Code   RO         4154    x$fpl$fnaninf       fz_ws.l(fnaninf.o)
    0x0800355e   0x0800355e   0x0000000a   Code   RO         4156    x$fpl$fretinf       fz_ws.l(fretinf.o)
    0x08003568   0x08003568   0x00000014   Code   RO         4014    x$fpl$frsb          fz_ws.l(faddsub_clz.o)
    0x0800357c   0x0800357c   0x000000ea   Code   RO         4015    x$fpl$fsub          fz_ws.l(faddsub_clz.o)
    0x08003666   0x08003666   0x00000000   Code   RO         4158    x$fpl$usenofp       fz_ws.l(usenofp.o)
    0x08003666   0x08003666   0x00000012   Data   RO         1617    .constdata          stm32f1xx_hal_rcc.o
    0x08003678   0x08003678   0x00000010   Data   RO         2771    .constdata          system_stm32f1xx.o
    0x08003688   0x08003688   0x00000008   Data   RO         2772    .constdata          system_stm32f1xx.o
    0x08003690   0x08003690   0x000019e8   Data   RO         2829    .constdata          oled.o
    0x08005078   0x08005078   0x00000011   Data   RO         3944    .constdata          c_w.l(__printf_flags_ss_wp.o)
    0x08005089   0x08005089   0x00000003   PAD
    0x0800508c   0x0800508c   0x00000020   Data   RO         4394    Region$$Table       anon$$obj.o


    Execution Region RW_IRAM1 (Exec base: 0x20000000, Load base: 0x080050ac, Size: 0x00000c60, Max: 0x00005000, ABSOLUTE)

    Exec Addr    Load Addr    Size         Type   Attr      Idx    E Section Name        Object

    0x20000000   0x080050ac   0x0000000c   Data   RW         1454    .data               stm32f1xx_hal.o
    0x2000000c   0x080050b8   0x00000004   Data   RW         2773    .data               system_stm32f1xx.o
    0x20000010   0x080050bc   0x0000000c   Data   RW         2965    .data               hc_sr04.o
    0x2000001c   0x080050c8   0x00000008   Data   RW         3629    .data               delay.o
    0x20000024   0x080050d0   0x00000004   Data   RW         3680    .data               esp8266.o
    0x20000028        -       0x00000048   Zero   RW          221    .bss                tim.o
    0x20000070        -       0x0000008c   Zero   RW          263    .bss                usart.o
    0x200000fc        -       0x00000480   Zero   RW         2828    .bss                oled.o
    0x2000057c        -       0x00000080   Zero   RW         3678    .bss                esp8266.o
    0x200005fc        -       0x00000060   Zero   RW         4162    .bss                c_w.l(libspace.o)
    0x2000065c   0x080050d4   0x00000004   PAD
    0x20000660        -       0x00000200   Zero   RW            2    HEAP                startup_stm32f103xb.o
    0x20000860        -       0x00000400   Zero   RW            1    STACK               startup_stm32f103xb.o


==============================================================================

Image component sizes


      Code (inc. data)   RO Data    RW Data    ZI Data      Debug   Object Name

       114         18          0          8          0       1703   delay.o
        44          4          0          0          0        806   dma.o
       392        104          0          4        128       5828   esp8266.o
       168         12          0          0          0       1011   gpio.o
       272         30          0         12          0       2380   hc_sr04.o
       334         24          0          0          0     428820   main.o
      1148         48       6632          0       1152       9895   oled.o
        64         26        236          0       1536        836   startup_stm32f103xb.o
       164         28          0         12          0       6101   stm32f1xx_hal.o
       198         14          0          0          0      29103   stm32f1xx_hal_cortex.o
       808         36          0          0          0       5162   stm32f1xx_hal_dma.o
       490         34          0          0          0       2964   stm32f1xx_hal_gpio.o
        60          8          0          0          0        926   stm32f1xx_hal_msp.o
      1240         84         18          0          0       5260   stm32f1xx_hal_rcc.o
      1670         36          0          0          0      15896   stm32f1xx_hal_tim.o
       108         12          0          0          0       2501   stm32f1xx_hal_tim_ex.o
      2024         24          0          0          0      15335   stm32f1xx_hal_uart.o
       128         26          0          0          0       6145   stm32f1xx_it.o
         2          0         24          4          0       1191   system_stm32f1xx.o
       268         16          0          0         72       1942   tim.o
       240         32          0          0        140       1849   usart.o

    ----------------------------------------------------------------------
      9958        616       6942         40       3028     545654   Object Totals
         0          0         32          0          0          0   (incl. Generated)
        22          0          0          0          0          0   (incl. Padding)

    ----------------------------------------------------------------------

      Code (inc. data)   RO Data    RW Data    ZI Data      Debug   Library Member Name

        56          6          0          0          0         88   __2snprintf.o
         8          0          0          0          0         68   __main.o
       392          4         17          0          0         92   __printf_flags_ss_wp.o
        14          0          0          0          0         68   __printf_wp.o
         0          0          0          0          0          0   __rtentry.o
        12          0          0          0          0          0   __rtentry2.o
         6          0          0          0          0          0   __rtentry4.o
        52          8          0          0          0          0   __scatter.o
        26          0          0          0          0          0   __scatter_copy.o
        28          0          0          0          0          0   __scatter_zi.o
        44          0          0          0          0        108   _printf_char.o
        48          6          0          0          0         96   _printf_char_common.o
         0          0          0          0          0          0   _printf_percent.o
         4          0          0          0          0          0   _printf_percent_end.o
         6          0          0          0          0          0   _printf_s.o
        82          0          0          0          0         80   _printf_str.o
        16          0          0          0          0         68   _snputc.o
        10          0          0          0          0         68   _sputc.o
        18          0          0          0          0         80   exit.o
         6          0          0          0          0        152   heapauxi.o
         0          0          0          0          0          0   indicate_semi.o
         2          0          0          0          0          0   libinit.o
         2          0          0          0          0          0   libinit2.o
         2          0          0          0          0          0   libshutdown.o
         2          0          0          0          0          0   libshutdown2.o
         8          4          0          0         96         68   libspace.o
        68          0          0          0          0         68   rt_memclr.o
        78          0          0          0          0         80   rt_memclr_w.o
       138          0          0          0          0         68   rt_memcpy_v6.o
       100          0          0          0          0         80   rt_memcpy_w.o
         2          0          0          0          0          0   rtexit.o
        10          0          0          0          0          0   rtexit2.o
        62          0          0          0          0         76   strlen.o
        36          0          0          0          0         80   strstr.o
        12          4          0          0          0         68   sys_exit.o
        74          0          0          0          0         80   sys_stackheap_outer.o
         2          0          0          0          0         68   use_no_semi.o
        98          4          0          0          0         92   d2f.o
       688        140          0          0          0        208   ddiv.o
        38          0          0          0          0         68   dflt_clz.o
       340         12          0          0          0        104   dmul.o
       156          4          0          0          0         92   dnaninf.o
        12          0          0          0          0         68   dretinf.o
       450          8          0          0          0        236   faddsub_clz.o
        62          4          0          0          0         84   ffixu.o
        38          0          0          0          0         68   fflt_clz.o
       258          4          0          0          0         84   fmul.o
       140          4          0          0          0         84   fnaninf.o
        10          0          0          0          0         68   fretinf.o
         0          0          0          0          0          0   usenofp.o

    ----------------------------------------------------------------------
      3732        212         20          0        100       2960   Library Totals
        16          0          3          0          4          0   (incl. Padding)

    ----------------------------------------------------------------------

      Code (inc. data)   RO Data    RW Data    ZI Data      Debug   Library Name

      1426         32         17          0         96       1704   c_w.l
      2290        180          0          0          0       1256   fz_ws.l

    ----------------------------------------------------------------------
      3732        212         20          0        100       2960   Library Totals

    ----------------------------------------------------------------------

==============================================================================


      Code (inc. data)   RO Data    RW Data    ZI Data      Debug   

     13690        828       6962         40       3128     541382   Grand Totals
     13690        828       6962         40       3128     541382   ELF Image Totals
     13690        828       6962         40          0          0   ROM Totals

==============================================================================

    Total RO  Size (Code + RO Data)                20652 (  20.17kB)
    Total RW  Size (RW Data + ZI Data)              3168 (   3.09kB)
    Total ROM Size (Code + RO Data + RW Data)      20692 (  20.21kB)

==============================================================================

